729,p,1998/5/28,1421,w,36,<FunktionelleDysphonie>,?demat?seStimmlippen,beginnendePhonationsverdickung,Spalt,
1281,p,1999/3/17,1663,w,22,<FunktionelleDysphonie>,funktionellponogen,leichtgest?rtesSchwingungsbild;pr?therapeutisch1.Aufnahme
1589,p,2000/1/19,1889,w,41,<FunktionelleDysphonie>,FunktionelleDysphonie
1688,p,2000/5/17,1987,w,41,<FunktionelleDysphonie>,LeichtbeginnendeAltersstimme
2112,p,2001/9/12,2301,w,40,<FunktionelleDysphonie><Phonationskn?tchen><PsychogeneDysphonie><Reinke?dem>,
2504,p,2003/7/16,2467,w,32,<FunktionelleDysphonie>,
2446,p,2002/11/13,2580,w,63,<FunktionelleDysphonie>,
1230,p,1999/1/27,1618,m,49,<FunktionelleDysphonie><PsychogeneDysphonie>,
2231,p,2002/1/9,2393,m,37,<FunktionelleDysphonie><Kontaktpachydermie>,KontaktpachydermieohneKontaktpachydermie
2416,p,2002/9/25,2550,m,63,<FunktionelleDysphonie>,
1203,p,1999/1/13,1600,w,61,<Dysodie><Voxsenilis>,Leicht
1759,p,2000/7/5,2023,w,28,<Dysodie>,LeichteponogeneTendenzzurHyperfunktion,engeArtikulation
2222,p,2002/1/2,2382,w,50,<Dysodie>,AusgebildeteGesangsstimme
2475,p,2003/2/12,2609,w,38,<Dysodie>,
2061,p,2001/6/6,2083,m,60,<Dysodie>,
1464,p,1999/9/15,1319,w,46,<HyperfunktionelleDysphonie><Phonationskn?tchen>,KleinesKn?tchenrechtsmitdiskreterHyperfunktion
1051,p,1998/11/11,1402,w,29,<HyperfunktionelleDysphonie><PsychogeneDysphonie>,Zweitaufnahmenachlogop.Therapie
888,p,1998/7/22,1482,w,43,<HyperfunktionelleDysphonie>,Ponogen,Lehrerdysphonie
1113,p,1998/12/2,1563,w,26,<HyperfunktionelleDysphonie>,LeichteTendenzdazu
1299,p,1999/4/21,1684,w,17,<HyperfunktionelleDysphonie>,LeichteTendenzdazu,beginnendeGesangsausbildung
1443,p,1999/8/25,1790,w,53,<Dysodie><HyperfunktionelleDysphonie>,HyperfunktionelleDysphonie+Dysodie
1660,p,2000/4/5,1960,w,33,<HyperfunktionelleDysphonie>,Ausgepr?gteForm,mitbeginnenderPhonationsverdickungbeidseitig
1753,p,2000/6/28,2018,w,13,<HyperfunktionelleDysphonie>,JuvenileForm;eventuellspraytoxischeNebenwirkung
1802,p,2000/9/27,2067,w,57,<Diplophonie><HyperfunktionelleDysphonie>,
1906,p,2001/1/10,2129,w,45,<Aryluxation><HyperfunktionelleDysphonie>,ZustanddanachmitjetztnochhyperfunktionellerDysphonie
1989,p,2001/3/28,2199,w,46,<HyperfunktionelleDysphonie><PsychogeneDysphonie>,Ponogen
2105,p,2001/9/12,2294,w,54,<HyperfunktionelleDysphonie>,Sekund?r?
2221,p,2002/1/2,2383,w,29,<HyperfunktionelleDysphonie>,LeichteFormbeiausgebildeterGesangsstimme
2307,p,2002/3/6,2441,w,75,<HyperfunktionelleDysphonie><Voxsenilis>,
2447,p,2002/11/20,2581,w,52,<HyperfunktionelleDysphonie>,LeichteForm
2545,p,2003/12/3,2679,w,66,<HyperfunktionelleDysphonie>,
922,p,1998/9/16,1514,m,61,<HyperfunktionelleDysphonie>,Ausgepr?gt,Sulcusglottidis?
1637,p,2000/3/1,1937,m,45,<HyperfunktionelleDysphonie>,Ponogen,sehrengemittlereStotter-Polter-Symptomatik;diplophoneAnteile
2034,p,2001/5/30,2225,m,29,<HyperfunktionelleDysphonie><Kontaktpachydermie>,KontaktpachydermieohneKontaktpachydermie
2270,p,2002/2/6,2414,m,45,<HyperfunktionelleDysphonie>,
933,p,1998/10/7,1525,w,79,<Voxsenilis>,Stimmlippenvarizenlinks
2596,p,2004/4/28,2336,w,64,<Dysphonie><Voxsenilis>,FunktionelleDysphonie,Voxsenilisbeginnend
1478,p,1999/10/27,1826,m,77,<Rekurrensparese><Voxsenilis>,Links,nachStrumektomiebeibeginnendervoxsenilis
130,p,1998/1/29,1316,w,60,<Rekurrensparese>,Links,mitnochunvollst?ndigerKompensation
887,p,1998/7/22,1386,w,64,<Rekurrensparese>,Mamma-Ca,unvollst?ndigeKompensation
1901,p,2000/12/20,1419,w,68,<Rekurrensparese>,Vorbekanntere,(strumipriv),nurnochleichtinkompletterVerschlu?
926,p,1998/9/30,1518,w,21,<Rekurrensparese>,StrumiprivelinksmitbeginnenderKompensation
2469,p,2003/1/22,1614,w,46,<Rekurrensparese>,LinksmitKompensation
1382,p,1999/5/26,1733,w,48,<Reinke?dem><Rekurrensparese>,Altelinks,beidseitigesReinke-?dem
2536,p,2003/11/26,1818,w,64,<Rekurrensparese>,Alte,beidseitig,phonatorischeKompensation
1784,p,2000/8/16,1877,w,69,<Rekurrensparese>,Beidseitig
1743,p,2000/6/14,2007,w,58,<Rekurrensparese>,StrumipriveFormli,paramedian,sehrguteRestbeweglichkeit,wenigdysphon
1955,p,2001/2/21,2090,w,67,<Rekurrensparese>,Kompensiert,re
2155,p,2001/11/21,2211,w,61,<Rekurrensparese>,Rec.Par.li,kompensiert
2430,p,2002/10/23,2357,w,41,<Rekurrensparese>,Links
2464,p,2003/1/15,2598,w,74,<Rekurrensparese>,Re,phonatorischeKompensation
2565,p,2004/1/7,2699,w,66,<Rekurrensparese>,Frische,hyperfunktionell,inkomplettkompensiertePareseliinintermedi?rerStellung
1120,p,1998/12/2,1350,m,65,<Rekurrensparese>,Links,vollkompensiert
896,p,1998/8/26,1448,m,74,<Rekurrensparese>,Beidseitig,zwischenzeitlichfastv?lligeRemission,nurnochdiskreteBewegungseinschr?nkung
1325,p,1999/5/12,1611,m,37,<Rekurrensparese>,Phonatorischvollkompensiert
1478,p,1999/10/27,1826,m,77,<Rekurrensparese><Voxsenilis>,Links,nachStrumektomiebeibeginnendervoxsenilis
2078,p,2001/8/1,1970,m,32,<Rekurrensparese>,Idiopatisch;mitinkompletterKompensation
2072,p,2001/8/1,2264,m,14,<Rekurrensparese>,Rechts,nachStrumektomiemitbeginnenderphonatorischerKompensation
2408,p,2002/9/18,2542,m,64,<Rekurrensparese>,Idiopathisch,guteRestbeweglichkeit,guteKompensation
885,p,1998/7/22,1479,w,53,<PsychogeneDysphonie>,LeichtefunktionelleSt?rung
1384,p,1999/5/26,1699,w,51,<PsychogeneDysphonie>,Ponogen
1408,p,1999/6/16,1759,w,65,<PsychogeneDysphonie>,PsychogeneDysphonie
1787,p,2000/9/6,2052,w,47,<PsychogeneDysphonie>,FunktionellpsychogeneDysphonie,Reflux!,dickeStimmlippe
1989,p,2001/3/28,2199,w,46,<HyperfunktionelleDysphonie><PsychogeneDysphonie>,Ponogen
2275,p,2002/2/6,2419,w,50,<PsychogeneDysphonie>,Multifaktoriell
2452,p,2002/12/4,2586,w,55,<PsychogeneDysphonie>,FunktionelleKomponente
1425,p,1999/6/30,1773,m,57,<PsychogeneDysphonie>,MitleichterHyperfunktion
1276,p,1999/3/17,1372,w,29,<Dysphonie>,Leichte,unterponogenerBelastung,Chorleiterin
1485,p,1999/11/3,1833,w,41,<Dysphonie>,Ponogen,ZustandnachLaryngitis
2096,p,2001/8/29,2287,w,53,<Dysphonie><Leukoplakie>,OrganischeDysphonienachZustandeinerLeukoplakieabtragung
2266,p,2002/1/30,2410,w,47,<Dysphonie>,
2405,p,2002/9/4,2539,w,68,<Dysphonie>,BeginnenderLaryngospasmus
1219,p,1999/1/20,1606,m,37,<Dysphonie>,Z.B.leichteaudiogene
1628,p,2000/2/23,1927,m,24,<Dysphonie><Mutatio>,Dysplastisch,inkompletteMutation,zuhoheFrequenz
2066,p,2001/7/25,2255,m,69,<Dysphonie>,VokalischeDysfunktionmitSeufzer;spasmodischeKomponente?
2356,p,2002/5/29,2490,m,41,<Dysphonie>,Funktionell
2608,p,2004/5/19,2734,m,36,<Dysphonie>,Multifaktoriell
632,p,1998/5/6,1389,w,56,<Reinke?dem><Rekurrensparese>,DoppelseitigenachStrumektomie+Reinke-?dembeidseitig,Stridor!
1274,p,1999/3/17,1617,w,37,<Laryngitis><Reinke?dem>,Chronischhyperplastisch,beidseitigesReinke-?dem
1656,p,2000/4/5,1955,w,43,<Reinke?dem>,Beidseitig,geringausgepr?gtmitunregelm??igemSchwingungsbild
1889,p,2000/12/13,2114,w,49,<Reinke?dem>,Links,pr?OP
2211,p,2001/12/19,2358,w,42,<Reinke?dem>,ZustandnachAbtragung
2449,p,2002/11/20,2583,w,65,<HyperfunktionelleDysphonie><Reinke?dem>,ZustandnachAbtragung
886,p,1998/7/22,1480,w,50,<Laryngitis><Reinke?dem>,Beidseitigausgepr?gt,Flatterschwingungen
1229,p,1999/1/27,1617,w,37,<Laryngitis><Reinke?dem>,Beidseitig,Dysphonie
1311,p,1999/4/28,1697,w,53,<Laryngitis>,Chronische,beifr?heremNikotinabusus(60die),beidseitigStimmlippenverdeckt,sehrengesSchwingungsbild
1809,p,2000/10/25,2074,w,31,<Laryngitis>,Akute;transsexuell
2276,p,2002/2/6,2420,w,73,<Laryngitis>,ChronischeForm
139,p,1998/2/4,1318,m,18,<Laryngitis>,AbklingendeLaryngitismitlediglichetwasasymmetrischerAmplitude
1163,p,1998/12/9,1495,m,69,<Laryngitis><Taschenfaltenstimme>,Chronische,Taschenfaltenstimmebeginnt
1472,p,1999/10/20,1636,m,72,<Carcinomainsitu><Laryngitis>,ChronischeLaryngitis,ausgepr?gteFormmitCainsitu,ZustandnachSt?tze
1463,p,1999/9/15,1811,m,71,<Laryngitis>,Chronische,mitunregelm??igemeherweitemSchwingungsbild
1796,p,2000/9/20,2061,m,69,<Laryngitis>,Ausgepr?gteForm
2156,p,2001/11/21,2353,m,33,<Laryngitis>,AbklingenderakuterSchubeinerchronischenLaryngitis
2443,p,2002/11/13,2577,m,50,<Laryngitis><Leukoplakie>,Chronisch;ZustandnachLeukoplakieabtragung
2574,p,2004/3/10,2708,m,69,<Laryngitis>,Zustanddanach
1722,p,2000/6/7,1819,w,74,<Rekurrensparese><Stimmlippenpolyp>,Beidseitig,ZustandnachlaserchirurgischerGlottiserweiterung;kleinerGranulationspolypli
2466,p,2003/1/15,2600,w,45,<HyperfunktionelleDysphonie><Stimmlippenpolyp>,Ausgepr?gteForm,phonatorischerStillstandlinks;ZustandnachAbtragungdesPolypenlinks
1317,p,1999/5/5,1701,m,42,<Stimmlippenpolyp>,Stimmlippenpolyp,ZustandnachPolypentfernung;postoperativphonatorischerStillstand
1749,p,2000/6/21,2000,m,57,<FrontolateraleTeilresektion><Stimmlippenpolyp>,Zustanddanach,jetztgro?erGranulationspolypli;2.Aufnahmepr?OP,OPam23.06.00
1448,p,1999/8/25,1747,w,67,<Leukoplakie>,Beidseitig,ZustandnachzweimaligerAbtragung
1252,p,1999/2/24,1638,m,52,<Leukoplakie>,ZustandnachSt?ze,keineStroboskopiem?glich
1783,p,2000/8/16,2049,m,55,<Laryngitis><Leukoplakie>,ChronischeLaryngitism.Leukoplakie,keinphonatorischerStillstand
1481,p,1999/10/27,1410,m,55,<Kontaktpachydermie>,Kontaktpachydermie
1218,p,1999/1/20,1604,m,43,<GERD><Kontaktpachydermie>,Z.B.verl?ngerteSchlu?phase,beginnendeKontaktpachydermie(GastrooesophagealerReflux)
1741,p,2000/6/14,2005,m,61,<HyperfunktionelleDysphonie><Kontaktpachydermie>,KontaktpachydermieohneKontaktpachydermie,leichteFormderHyperfunktion,langeGesangst?tigkeit
2015,p,2001/5/9,2223,m,42,<Kontaktpachydermie>,VerdachtaufspasmodischeDysphonie
2543,p,2003/12/3,2381,m,69,<Kontaktpachydermie>,Rezidiv
2474,p,2003/2/12,2608,m,61,<Dysodie><Kontaktpachydermie>,KontaktpachydermieohneKontaktpachydermie
2568,p,2004/3/3,2702,m,67,<Kontaktpachydermie>,
1770,p,2000/8/2,2027,w,36,<SpasmodischeDysphonie>,DritteAufnahme;2.nachBotox
1902,p,2000/12/20,2027,w,36,<SpasmodischeDysphonie>,SeitzehnTagenwesentlichschlechter;LongitudinalanalyseJuli2000bisFebruar2001
2304,p,2002/3/6,2027,w,37,<SpasmodischeDysphonie>,
2194,p,2001/12/12,2148,w,60,<SpasmodischeDysphonie>,Verlaufsbehandlung
1762,p,2000/7/5,1787,m,70,<SpasmodischeDysphonie>,SechsteAufn.nachBotox
2397,p,2002/8/21,1787,m,72,<SpasmodischeDysphonie>,ZweiteAufnahmenachBotox
1991,p,2001/3/28,1411,m,51,<Chordektomie>,ChordektomiemitsupraglottischerKompensation
1771,p,2000/8/2,1469,m,54,<Chordektomie>,Zustanddanach
1339,p,1999/5/19,1620,m,59,<Chordektomie>,Verlaufskontrolle,6.AufnahmenachTherapie
1410,p,1999/6/16,1659,m,64,<Chordektomie>,Verlaufskontrolle
2458,p,2002/12/11,2000,m,59,<Chordektomie><Taschenfaltenstimme>,Zustanddanach;Taschenfaltenstimmekopensatorisch
1232,p,1999/1/27,1485,m,67,<FrontolateraleTeilresektion>,DysphoniebeiZustanddanach
2011,p,2001/5/2,1620,m,61,<FrontolateraleTeilresektion>,ZustandnachOP
1720,p,2000/6/7,1998,m,48,<Chordektomie><FrontolateraleTeilresektion>,ZustandnachLaserchirurgiemitkompensierenderTaschenfaltenstimme
