851,p,1998/7/1,1450,w,53,<Dysodie><FunktionelleDysphonie>,HormonelleKomponente,,,,
1309,p,1999/4/28,1694,w,42,<Dysodie><FunktionelleDysphonie>,PsychogeneKomponente
1609,p,2000/2/9,1909,w,32,<FunktionelleDysphonie>,StroboskopischnurgeringeTendenzzurHyperfunktion
1694,p,2000/5/24,1993,w,66,<FunktionelleDysphonie><Voxsenilis>,FunktionelleDysphonie+Voxsenilis
2123,p,2001/9/26,2312,w,18,<FunktionelleDysphonie><PsychogeneDysphonie>,S?ngerstimme
2336,p,2002/5/8,2470,w,44,<FunktionelleDysphonie><PsychogeneDysphonie>,
2448,p,2002/11/20,2582,w,57,<FunktionelleDysphonie>,Multifunkionell,auchorganisch(Zustandnach?demabtragung)
1258,p,1999/3/3,1644,m,35,<FunktionelleDysphonie><PsychogeneDysphonie>,MitTendenzzurHyperfunktion
2483,p,2003/3/5,2402,m,64,<FunktionelleDysphonie>,LeichteForm
2417,p,2002/9/25,2550,m,63,<FunktionelleDysphonie>,
1241,p,1999/2/17,1628,w,38,<Dysodie><FunktionelleDysphonie>,Diskret,ausgebildeteGesangsstimme
1761,p,2000/7/5,2025,w,18,<Dysodie>,
2290,p,2002/2/20,2424,w,47,<Dysodie><FunktionelleDysphonie>,
2486,p,2003/6/4,2620,w,50,<Dysodie>,LeichteAsymmetrie
1981,p,2001/3/21,2191,m,63,<Dysodie><Laryngozele>,ZustandnachExtirpation
144,p,1998/2/4,1323,w,21,<HyperfunktionelleDysphonie>,LeichtehyperfunktionelleDysphonie
1394,p,1999/6/2,1415,w,37,<HyperfunktionelleDysphonie>,LeichtepsychogeneForm
898,p,1998/9/2,1490,w,28,<HyperfunktionelleDysphonie>,Ausgepr?gt(eventuellnochunterschwelligeLaryngitis)
1118,p,1998/12/2,1569,w,21,<HyperfunktionelleDysphonie>,LeichteForm
1324,p,1999/5/12,1708,w,47,<HyperfunktionelleDysphonie>,LeichteponogenemitpsychogenerKomponente
1462,p,1999/9/15,1808,w,43,<HyperfunktionelleDysphonie><Reinke?dem>,Beidseitig
2077,p,2001/8/1,1961,w,57,<HyperfunktionelleDysphonie>,Ponogen,mitpsychogenerKomponente
1754,p,2000/6/28,2019,w,59,<HyperfunktionelleDysphonie>,Ponogen,miteventuellleichterTendenzzurAltersstimme
1813,p,2000/10/25,2080,w,59,<Dysodie><HyperfunktionelleDysphonie>,Sekund?rhyperfunktionell
1910,p,2001/1/17,2132,w,26,<HyperfunktionelleDysphonie><PsychogeneDysphonie>,MitAphonie
1990,p,2001/3/28,2201,w,60,<HyperfunktionelleDysphonie>,Posttraumatisch
2107,p,2001/9/12,2296,w,44,<HyperfunktionelleDysphonie><PsychogeneDysphonie>,
2224,p,2002/1/2,2385,w,27,<HyperfunktionelleDysphonie>,
2317,p,2002/3/13,2451,w,54,<HyperfunktionelleDysphonie><PsychogeneDysphonie>,Multifaktoriell
2449,p,2002/11/20,2583,w,65,<HyperfunktionelleDysphonie><Reinke?dem>,ZustandnachAbtragung
2546,p,2003/12/3,2680,w,57,<HyperfunktionelleDysphonie>,
1043,p,1998/11/11,1539,m,42,<HyperfunktionelleDysphonie>,VerdachtaufhyperfunktionelleDysphonie
1643,p,2000/3/22,1946,m,40,<HyperfunktionelleDysphonie><Phonationskn?tchen>,Beidseitig,mitSanduhrglottis
2081,p,2001/8/8,2268,m,28,<HyperfunktionelleDysphonie>,TendenzzurhyperfunktionellenDysphonie;ev.auchinkompletteMutatio
2438,p,2002/11/6,2483,m,48,<HyperfunktionelleDysphonie>,
1203,p,1999/1/13,1600,w,61,<Dysodie><Voxsenilis>,Leicht
2303,p,2002/3/6,2420,w,73,<FunktionelleDysphonie><Stimmlippenpolyp><Voxsenilis>,ZustandnachAbtragungdesPolyps
1819,p,2000/11/8,2084,m,66,<Kontaktpachydermie><Voxsenilis>,OhneReflux
142,p,1998/2/4,1321,w,62,<Rekurrensparese>,VerbleibenderdoppelseitigerbreiterSpalt,funktionelleAtemst?rung;ZustandnachLateralfixationrechts
1206,p,1999/1/13,1386,w,65,<Reinke?dem><Rekurrensparese>,Rec.par.linksundReinke-?dembeidseitig
825,p,1998/6/24,1437,w,49,<Rekurrensparese>,RestpareserechtsnachStrumektomiemithyperfunktionellerKompensation
928,p,1998/9/30,1521,w,25,<Rekurrensparese>,Beidseitig,strumipriv,abklingendmitbeginnenderphonatorischerKompensation
1249,p,1999/2/24,1635,w,33,<Rekurrensparese>,Links,beidseitige?deme;OPam16.02.99,ErsteAufnahmenachOP
1397,p,1999/6/9,1747,w,67,<Rekurrensparese>,Links,ohneKompensationnachStrumektomie,keineEigenbeweglichkeit
1644,p,2000/3/22,1819,w,74,<Rekurrensparese>,Beidseitig,keineRestbeweglichkeit,FrischerZustandnachGlottiserweiterung;2.Aufnahme,1.AufnahmenachOPam7.03.00
1658,p,2000/4/5,1910,w,44,<Rekurrensparese>,MitbeginnenderKompensation
1863,p,2000/11/29,2007,w,58,<Rekurrensparese>,StrumipriverenachSchilddr?sentumorresektion
1826,p,2000/11/15,2091,w,57,<Rekurrensparese>,IdiopatischeFormli,keinAnhaltaufAryluxation,strobosk.keineRestbeweglichkeit
2014,p,2001/5/9,2222,w,52,<Rekurrensparese>,OPNovember00
2216,p,2001/12/19,2377,w,36,<Rekurrensparese>,Beidseitigkompensiert
2465,p,2003/1/15,2599,w,50,<Rekurrensparese>,Rechts,hyperfunktionelleKompensation
2581,p,2004/3/17,2715,w,41,<Rekurrensparese>,Links
492,p,1998/4/1,1364,m,73,<Rekurrensparese>,Nichtkompensierteidiophatischelinks
1548,p,1999/12/1,1448,m,75,<Rekurrensparese>,Beidseitig,jetztfaktischohneBefund,mitleichtemHinkenlinks
1270,p,1999/3/10,1641,m,60,<Rekurrensparese>,Rec.par.
1549,p,1999/12/8,1856,m,42,<Rekurrensparese>,Rechts,mitguterKompensation
2243,p,2002/1/23,1970,m,32,<Rekurrensparese>,ZustandnachThyreoplastiknachRec.par.links
2100,p,2001/9/5,2289,m,43,<Rekurrensparese>,Re,nachHalswirbels?ulenfraktur(inIntermedi?rstellungohneRestbeweglichkeit)
2418,p,2002/9/25,2552,m,59,<Rekurrensparese>,Li,schlaff,keineKompensation
1459,p,1999/9/8,1499,w,50,<HyperfunktionelleDysphonie><PsychogeneDysphonie>,Zweitaufnahme
1400,p,1999/6/9,1699,w,51,<FunktionelleDysphonie><PsychogeneDysphonie>,PsychogeneDysphonie+FunktionelleDysphonie
1479,p,1999/10/27,1827,w,33,<PsychogeneDysphonie>,MitTendenzzuLaryngospasmus
1868,p,2000/12/6,2109,w,48,<PsychogeneDysphonie>,Ponogen
2025,p,2001/5/23,2234,w,60,<Phonasthenie><PsychogeneDysphonie>,
2302,p,2002/2/27,2436,w,53,<FunktionelleDysphonie><PsychogeneDysphonie>,
2517,p,2003/11/12,2651,w,66,<HyperfunktionelleDysphonie><PsychogeneDysphonie>,
1477,p,1999/10/27,1825,m,45,<PsychogeneDysphonie>,MitTendenzzurverl?ngertenSchlu?phase,asymmetrischesSchwingungsbild
561,p,1998/4/29,1376,w,46,<Dysphonie>,psychogenekompensierteDysphoniebeiZustandnach?demabtragung
1502,p,1999/11/24,1849,w,34,<Dysphonie>,Kontrolle,keinstroboskopischpathologischerBefund
2106,p,2001/9/12,2295,w,46,<Dysphonie>,Multifaktoriellmitbeg.Reinke-?dembds.
2309,p,2002/3/6,2443,w,47,<Dysodie><Dysphonie>,Multifaktoriell
2428,p,2002/10/2,2562,w,28,<Dysphonie>,?demaryepiglottischeFalte
1247,p,1999/2/24,1633,m,42,<Dysphonie><Stimmlippenkarzinom>,Verdacht,links,begrenztaufStimmlippe,vollkommenerStillstandrechts,ausgepr?gteDysphonie
2326,p,2002/4/17,1937,m,47,<Dysphonie><Kontaktpachydermie>,MultifaktorielleDysphoniemitKontaktpachydermiere
2125,p,2001/9/26,2314,m,33,<Dysphonie>,Ponogen
2387,p,2002/8/14,2521,m,32,<Dysphonie>,FunktionelleDysphonie,VerdachtaufKontaktpachydermie
720,p,1998/5/27,1412,w,68,<Reinke?dem><Stimmlippenpolyp>,ZustandnachAbtragungeinesgro?enReinke-?dems+Stimmlippenpolyp,etwasunregelm??igerVerlauf
1447,p,1999/8/25,1617,w,38,<Laryngitis><Reinke?dem>,Chronische,hyperplastisch,R?ckbildungdes?dems,Verlaufskontrolle,Vorbefundevorhanden
1667,p,2000/4/12,1966,w,53,<Reinke?dem>,Beiseitig,sehrausgepr?gtmitunregelm??igenFlatterschwingungen;pr?OP
1890,p,2000/12/13,2115,w,42,<Reinke?dem><Stimmlippenpolyp>,ZustandnachzweimaligerAbtragungdesPolypen;jetztReinke-?demli,eventuellPolypre
2193,p,2001/12/12,2371,w,53,<Reinke?dem>,Beidseitigm??iggradigmitfunktionellerKomponente
2573,p,2004/3/10,2707,w,62,<Reinke?dem>,M??igeForm
919,p,1998/9/16,1511,w,25,<Laryngitis>,AkutemitfunktionellerBelastung
1274,p,1999/3/17,1617,w,37,<Laryngitis><Reinke?dem>,Chronischhyperplastisch,beidseitigesReinke-?dem
1388,p,1999/6/2,1739,w,56,<Laryngitis>,ChronischemitasymmetrischemSchwingungsbild
1940,p,2001/2/7,2152,w,55,<Laryngitis><Leukoplakie>,ChronischeLaryngitis,keinstroboskopischerStillstand
2315,p,2002/3/13,2449,w,69,<Laryngitis>,ChronischhyperplastischeForm
141,p,1998/2/4,1320,m,41,<Laryngitis>,AbklingendeLaryngitis,sehrengeEpiglottis
904,p,1998/9/2,1498,m,48,<Laryngitis>,R?ckl?ufig,m??igeDysphonie
1259,p,1999/3/3,1645,m,47,<Laryngitis>,ChronischeLaryngitis,Altemitbeiseitigunregelm??igenStimmlippen,KausaleTherapievorgesehenmitK?rettage
1567,p,2000/1/5,1844,m,51,<Laryngitis>,Chronische,ZustandnachAbtragungvonLeukoplakienamHypopharynx;2.AufnahmenachOP
1953,p,2001/2/21,2163,m,27,<Laryngitis>,BeiausgebildeterSingstimme
2191,p,2001/12/12,2368,m,38,<Laryngitis>,ChronischeFormmitakutemAusbruch
2487,p,2003/6/4,2621,m,70,<HyperfunktionelleDysphonie><Laryngitis>,ZustandnachakuterFormderLaryngitis
2582,p,2004/3/24,2716,m,62,<Laryngitis>,Chronischhyperplastisch,ZustandnachSt?tze
1779,p,2000/8/9,2044,w,79,<Stimmlippenpolyp>,Gro?erPolypre,vorderesDrittelmitDysphonie(Asymm.)
2587,p,2004/3/31,2721,w,47,<Stimmlippenpolyp>,Rechts
1334,p,1999/5/19,1717,m,56,<Stimmlippenpolyp>,ZweiTagenachAbtragung,hintersDrittellinks
1719,p,2000/6/7,2004,m,30,<Stimmlippenpolyp>,LinksimhinterenDrittel
1405,p,1999/6/16,1756,w,36,<Laryngitis><Leukoplakie>,Chronische,stroboskopischunregelm??igesSchwingungsbild
1599,p,2000/2/2,1899,m,32,<Laryngitis><Leukoplakie>,Zustanddanach,jetztpraktischvollkommenzur?ckgebildet
1810,p,2000/10/25,2077,m,56,<Leukoplakie>,ZustandnachSt?tze,jetztregelm??igesSchwingungsbild
814,p,1998/6/10,1426,m,36,<Kontaktpachydermie><Mutationsfistelstimme>,Mutationsfistelstimme?,KontaktpachydermieohneKontaktpachydermie
1251,p,1999/2/24,1637,m,69,<Kontaktpachydermie><Rhinophonieaperta>,OhneKontaktpachydermie,Intermedi?reSchw?che
1746,p,2000/6/21,2010,m,63,<Kontaktpachydermie>,KontaktpachydermieohneKontaktpachydermie,leichthypoton
2034,p,2001/5/30,2225,m,29,<HyperfunktionelleDysphonie><Kontaktpachydermie>,KontaktpachydermieohneKontaktpachydermie
2231,p,2002/1/9,2393,m,37,<FunktionelleDysphonie><Kontaktpachydermie>,KontaktpachydermieohneKontaktpachydermie
2489,p,2003/6/4,2623,m,55,<Kontaktpachydermie><PsychogeneDysphonie>,
2580,p,2004/3/17,2714,m,39,<Kontaktpachydermie>,KontaktpachydermieohneKontaktpachydermie
1782,p,2000/8/16,2027,w,36,<SpasmodischeDysphonie>,ZustandnachBotox;3.AufnahmenachInjektion
1908,p,2001/1/10,2027,w,36,<SpasmodischeDysphonie>,Problemevorallembei/a/
2320,p,2002/3/13,2027,w,37,<SpasmodischeDysphonie>,Vorallembei/o/ProblememitderPhonation
2396,p,2002/8/21,2148,w,61,<SpasmodischeDysphonie>,LeichteHyperfunktion,13.08.2002Botox,re(G?ttingen)
1769,p,2000/8/2,1787,m,70,<SpasmodischeDysphonie>,SiebteAufnahme,subjektivundsemiobjektivbeginnendeSpasmen
2485,p,2003/3/5,1787,m,73,<SpasmodischeDysphonie>,LetzteBotox
920,p,1998/9/16,1427,m,57,<Chordektomie>,ZustandnachChordektomiemitpsychogenerKomponente
1089,p,1998/11/25,1485,m,67,<Chordektomie>,Zustanddanach,mitnochunvollst?ndigerKompensation;logop?discheTherapieeingeleitet
1376,p,1999/5/21,1620,m,59,<Chordektomie>,Zustanddanach,zunehmendeStimmverschlechterung
1942,p,2001/2/7,1659,m,66,<Chordektomie><Kehlkopftumor>,Gro?erRezidivtumorbeiZustandnachChordektomie
2183,p,2001/12/5,2360,m,45,<Chordektomie><Synechie>,ZustanddanachmitfastkompletterKompensation,SynechievordereKommissur
1238,p,1999/2/5,1485,m,67,<FrontolateraleTeilresektion>,Aufnahme6nachOP
1267,p,1999/3/10,1633,m,42,<FrontolateraleTeilresektion>,Zustand10Tagedanach,links;Zweitaufnahme,ersteAufnahmenachOP
1716,p,2000/6/7,2000,m,57,<FrontolateraleTeilresektion>,Zustanddanach;gro?erStimmlippenpolypbzw.Rezidivlibeiausgepr?gterDysphonie
