1862,p,2000/11/27,1,w,23,<FunktionelleDysphonie>,,,,,,
1645,p,2000/3/22,47,w,35,<FunktionelleDysphonie>,LeichtebeginnendeForm,stroboskopischunregelm??ig,leichtverk?rzt
350,p,1998/3/4,1339,w,52,<FunktionelleDysphonie>,FunktionelleDysphonie
351,p,1998/3/4,1340,w,58,<FunktionelleDysphonie>,LeichtefunktionelleDysphonie
878,p,1998/7/15,1358,w,58,<FunktionelleDysphonie>,MitNeuralgieN.laryngeussuperior(abklingend)
722,p,1998/5/27,1414,w,58,<FunktionelleDysphonie>,PsychogeneKomponente
727,p,1998/5/27,1415,w,36,<FunktionelleDysphonie>,DiskretmitpsychogenerKomponente
870,p,1998/7/15,1466,w,28,<FunktionelleDysphonie><Phonationskn?tchen>,MitkleinemPhonationskn?tchenrechts,Schauspielstimme,B?hnenstimmedeutlichbesseralsSpontanstimme
913,p,1998/9/9,1505,w,38,<FunktionelleDysphonie>,Trachealstenose
1193,p,1998/12/16,1586,w,63,<Dysodie><FunktionelleDysphonie>,Leichte;zurHyperfunktionneigendesunregelm??igesSchwingungsbild
1244,p,1999/2/17,1593,w,39,<FunktionelleDysphonie>,Funktionell
1254,p,1999/2/24,1593,w,39,<FunktionelleDysphonie>,Funktionell
1200,p,1999/1/13,1596,w,44,<FunktionelleDysphonie>,Gering,z.B.flatus?
1240,p,1999/2/17,1627,w,54,<FunktionelleDysphonie>,ZustandnachStrumektomie
1241,p,1999/2/17,1628,w,38,<Dysodie><FunktionelleDysphonie>,Diskret,ausgebildeteGesangsstimme
1322,p,1999/5/5,1699,w,51,<FunktionelleDysphonie><PsychogeneDysphonie>,Ponogen;2.AufnahmenachTherapie
1400,p,1999/6/9,1699,w,51,<FunktionelleDysphonie><PsychogeneDysphonie>,PsychogeneDysphonie+FunktionelleDysphonie
1432,p,1999/8/11,1699,w,51,<FunktionelleDysphonie><PsychogeneDysphonie>,Verlaufskontrolle;6.Aufnahme
1326,p,1999/5/12,1710,w,56,<FunktionelleDysphonie>,LeichteForm,(eherfunktionelleAtemst?rung)
1435,p,1999/8/18,1729,w,48,<FunktionelleDysphonie>,LeichteForm,ponogen
1415,p,1999/6/23,1766,w,55,<FunktionelleDysphonie>,Ponogen,mitpsychischerKomponente
1441,p,1999/8/18,1782,w,36,<FunktionelleDysphonie>,NachIntubation
1552,p,1999/12/8,1861,w,29,<FunktionelleDysphonie>,Ausgepr?gteForm,mitponogenerKomponente;Diplophonieanteile
1611,p,2000/2/9,1911,w,46,<FunktionelleDysphonie>,EngeArtikulation
1627,p,2000/2/23,1926,w,55,<FunktionelleDysphonie>,Multifaktoriell
1640,p,2000/3/22,1940,w,36,<FunktionelleDysphonie><Phonasthenie>,LeichteForm,stroboskopischo.B.
1659,p,2000/4/5,1959,w,34,<Dysodie><FunktionelleDysphonie>,Sehrunregelm??igesSchwingungsbild
1680,p,2000/5/10,1979,w,16,<FunktionelleDysphonie>,LeichteTendenzzurHyperfunktion
1681,p,2000/5/17,1980,w,60,<Dysodie><FunktionelleDysphonie>,MitTrendzurHyperfunktion
1742,p,2000/6/14,1981,w,21,<FunktionelleDysphonie>,Ponogen,beisehrung?nstigerengerArtikulation
1685,p,2000/5/17,1984,w,51,<FunktionelleDysphonie>,Globuspharyngis,z.B.Struma,stoboskopischo.B.
2477,p,2003/2/19,2022,w,59,<FunktionelleDysphonie>,
1798,p,2000/9/20,2032,w,57,<FunktionelleDysphonie>,MitpsychogenerKomponente
1824,p,2000/11/15,2089,w,57,<FunktionelleDysphonie>,
1899,p,2000/12/20,2123,w,20,<FunktionelleDysphonie>,BeiangegebenemStimmberuf
1935,p,2001/1/31,2146,w,20,<FunktionelleDysphonie>,LeichteForm
1936,p,2001/1/31,2147,w,61,<FunktionelleDysphonie>,LeichteForm
1958,p,2001/2/21,2168,w,24,<FunktionelleDysphonie><PsychogeneDysphonie>,LeichteForm
1977,p,2001/3/14,2188,w,59,<FunktionelleDysphonie>,
2267,p,2002/1/30,2411,w,65,<FunktionelleDysphonie>,
2303,p,2002/3/6,2420,w,73,<FunktionelleDysphonie><Stimmlippenpolyp><Voxsenilis>,ZustandnachAbtragungdesPolyps
2290,p,2002/2/20,2424,w,47,<Dysodie><FunktionelleDysphonie>,
2297,p,2002/2/27,2431,w,53,<FunktionelleDysphonie>,
2302,p,2002/2/27,2436,w,53,<FunktionelleDysphonie><PsychogeneDysphonie>,
2308,p,2002/3/6,2442,w,35,<Dysodie><FunktionelleDysphonie>,PonogeneKomponente
2310,p,2002/3/6,2444,w,46,<FunktionelleDysphonie><PsychogeneDysphonie>,
2312,p,2002/3/6,2446,w,36,<FunktionelleDysphonie><PsychogeneDysphonie>,
2410,p,2002/9/18,2484,w,34,<FunktionelleDysphonie>,
2357,p,2002/6/12,2491,w,41,<FunktionelleDysphonie>,
2359,p,2002/6/12,2493,w,49,<FunktionelleDysphonie>,
2367,p,2002/6/19,2497,w,74,<FunktionelleDysphonie>,
2432,p,2002/10/30,2525,w,66,<FunktionelleDysphonie>,Strumipriv
2427,p,2002/10/2,2561,w,62,<FunktionelleDysphonie>,
2431,p,2002/10/30,2565,w,32,<FunktionelleDysphonie><PsychogeneDysphonie>,
2445,p,2002/11/13,2579,w,53,<FunktionelleDysphonie>,Ponogen
2457,p,2002/12/4,2591,w,61,<FunktionelleDysphonie>,
2459,p,2002/12/11,2593,w,56,<FunktionelleDysphonie>,Multifaktoriell
2499,p,2003/7/9,2633,w,49,<FunktionelleDysphonie>,
2502,p,2003/7/9,2636,w,56,<FunktionelleDysphonie>,
2505,p,2003/7/16,2639,w,48,<FunktionelleDysphonie>,
2528,p,2003/11/19,2662,w,67,<FunktionelleDysphonie><PsychogeneDysphonie>,
2601,p,2004/5/5,2727,w,64,<FunktionelleDysphonie><Voxsenilis>,
2360,p,2002/6/12,714,m,22,<FunktionelleDysphonie>,Z.B.Mutationsfistelstimme
2413,p,2002/9/18,1314,m,58,<FunktionelleDysphonie>,
631,p,1998/5/6,1388,m,62,<FunktionelleDysphonie>,PonogenefunktionelleDysphonie,gutaustherapiertekompensierteDysphonie
634,p,1998/5/6,1391,m,49,<FunktionelleDysphonie>,Ponogen
718,p,1998/5/20,1410,m,54,<FunktionelleDysphonie><Kontaktpachydermie>,Ausgepr?gteDysphoniemitausgepr?gterKontaktpachydermie
723,p,1998/5/27,1416,m,37,<FunktionelleDysphonie><N.laryngeussuperiorNeuralgie>,KontaktpachydermieohneKontaktpachydermienachStrumektomie
730,p,1998/5/28,1422,m,60,<FunktionelleDysphonie>,Hypoton,psychogeneKomponente
1318,p,1999/5/5,1702,m,40,<FunktionelleDysphonie>,TendenzzurKontaktpachydermie,asymmetrischerKehlkopf
1328,p,1999/5/12,1713,m,32,<FunktionelleDysphonie>,LeichtFormbeiSprechberuf,Verl?ngerteSchlu?phaseimInterarybereich
1642,p,2000/3/22,1944,m,21,<FunktionelleDysphonie>,LeichteForm,ponogen,ohnesicherestroboskopischerkennbarepathologischeKomponente
1801,p,2000/9/27,2066,m,59,<FunktionelleDysphonie>,Internusschw?chemitpsychischerKomponente,auff?lligeAsymmetrie,redeutlichk?rzerli
1827,p,2000/11/22,2093,m,36,<FunktionelleDysphonie>,Multifaktoriell,mitcervicogenerKomponente
1966,p,2001/3/7,2176,m,57,<FunktionelleDysphonie>,MitTendenzzurverl?ngertenSchlu?phase,R?usperzwang/HWS
2006,p,2001/5/2,2215,m,29,<FunktionelleDysphonie>,Z.B.funkt.Dysphonie;transsexuellvorTherapie,ev.OP
2382,p,2002/8/14,2258,m,52,<FunktionelleDysphonie>,
2265,p,2002/1/30,2409,m,68,<FunktionelleDysphonie><Kontaktpachydermie>,
2314,p,2002/3/6,2447,m,56,<FunktionelleDysphonie>,Zustandnach?demabtragung
2313,p,2002/3/6,2448,m,33,<Dysodie><FunktionelleDysphonie>,
2318,p,2002/3/13,2452,m,61,<FunktionelleDysphonie>,
2327,p,2002/4/24,2461,m,60,<Dysodie><FunktionelleDysphonie>,
2340,p,2002/5/8,2474,m,54,<FunktionelleDysphonie><Kontaktpachydermie>,KontaktpachydermieohneKontaktpachydermie
2365,p,2002/6/19,2500,m,49,<FunktionelleDysphonie>,
2442,p,2002/11/13,2521,m,32,<FunktionelleDysphonie>,
2419,p,2002/9/25,2553,m,65,<FunktionelleDysphonie><Kontaktpachydermie>,KontaktpachydermieohneKontaktpachydermie
2429,p,2002/10/2,2563,m,20,<FunktionelleDysphonie>,LeichteForm;Stottern
2444,p,2002/11/13,2578,m,71,<FunktionelleDysphonie>,
2481,p,2003/3/5,2615,m,62,<FunktionelleDysphonie>,Hypoton
2497,p,2003/7/9,2631,m,28,<FunktionelleDysphonie>,MitpsychogenerKomponente
2506,p,2003/7/16,2640,m,66,<FunktionelleDysphonie><Kontaktpachydermie>,
2524,p,2003/11/19,2658,m,40,<Dysodie><FunktionelleDysphonie>,TenzendzurHyperfunktion
127,p,1998/1/28,64,w,65,<Dysodie><HyperfunktionelleDysphonie>,BeginnendeAltersstimme,hyperfunktionelleKompensation
567,p,1998/4/29,64,w,65,<Dysodie>,Dysodie
367,p,1998/3/19,1352,w,23,<Dysodie>,LeichtebeginnendehyperfunktionelleDysphoniemitsehrengerArtikulation
673,p,1998/5/13,1400,w,21,<Dysodie>,BeginnendePhonationsverdickung,linksgr??errechts
692,p,1998/5/15,1402,w,29,<Dysodie><HyperfunktionelleDysphonie>,SehrschnellesSprechtempo,engeArtikulation
851,p,1998/7/1,1450,w,53,<Dysodie><FunktionelleDysphonie>,HormonelleKomponente
1193,p,1998/12/16,1586,w,63,<Dysodie><FunktionelleDysphonie>,Leichte;zurHyperfunktionneigendesunregelm??igesSchwingungsbild
1309,p,1999/4/28,1694,w,42,<Dysodie><FunktionelleDysphonie>,PsychogeneKomponente
1443,p,1999/8/25,1790,w,53,<Dysodie><HyperfunktionelleDysphonie>,HyperfunktionelleDysphonie+Dysodie
1454,p,1999/9/8,1802,w,62,<Dysodie>,EventuellbeginnendeVoxsenilis
1581,p,2000/1/12,1832,w,72,<Dysodie><Rekurrensparese>,Jetztkompensiert,lediglichDysodie
1501,p,1999/11/24,1848,w,21,<Dysodie>,LeichtefunktionelleForm
1596,p,2000/1/26,1896,w,21,<Dysodie>,BeiGesangsstimmeundakutemInfekt
1659,p,2000/4/5,1959,w,34,<Dysodie><FunktionelleDysphonie>,Sehrunregelm??igesSchwingungsbild
1681,p,2000/5/17,1980,w,60,<Dysodie><FunktionelleDysphonie>,MitTrendzurHyperfunktion
1799,p,2000/9/20,2062,w,68,<Dysodie>,
1813,p,2000/10/25,2080,w,59,<Dysodie><HyperfunktionelleDysphonie>,Sekund?rhyperfunktionell
2074,p,2001/8/1,2266,w,62,<Dysodie><PsychogeneDysphonie>,Funktionell
2102,p,2001/9/5,2291,w,54,<Dysodie><HyperfunktionelleDysphonie>,ZustandnachKn?tchenabtragungvor18Jahren,aktuellkeineKn?tchen
2114,p,2001/9/19,2304,w,38,<Dysodie><HyperfunktionelleDysphonie>,
2124,p,2001/9/26,2313,w,64,<Dysodie><HyperfunktionelleDysphonie>,MultifaktoriellmitbeginnenderAltersstimme
2143,p,2001/11/14,2340,w,38,<Dysodie>,?berlastungssyndrombeiausgebildeterSopranstimme
2184,p,2001/12/5,2361,w,18,<Dysodie><HyperfunktionelleDysphonie>,
2308,p,2002/3/6,2442,w,35,<Dysodie><FunktionelleDysphonie>,PonogeneKomponente
2309,p,2002/3/6,2443,w,47,<Dysodie><Dysphonie>,Multifaktoriell
2322,p,2002/3/13,2456,w,45,<Dysodie>,MitTendenzzurHyperfunktion
2371,p,2002/7/3,2456,w,45,<Dysodie>,NachTherapie;Stimml.jetzto.B.
2335,p,2002/5/8,2469,w,24,<Dysodie>,TendenzHyperfunktion
2354,p,2002/5/29,2488,w,40,<Dysodie>,
2364,p,2002/6/19,2499,w,19,<Dysodie>,
2398,p,2002/9/4,2532,w,94,<Dysodie><HyperfunktionelleDysphonie>,
907,p,1998/9/2,1432,m,69,<Dysodie>,ZustandnachStruma-OP,dysplastischerKehlkopfmit?demen,keineRekurrensparese
830,p,1998/6/24,1442,m,29,<Dysodie>,?berlastungssymptomatik
2558,p,2003/12/17,1695,m,30,<Dysodie><Sigmatismus>,
1488,p,1999/11/10,1834,m,47,<Dysodie>,Hyperfunktionell
1550,p,1999/12/8,1857,m,26,<Dysodie>,FunktionelleFormmiteherhyperfunktionellerKomponente
1687,p,2000/5/17,1986,m,43,<Dysodie>,LeichteHyperfunktion
1793,p,2000/9/13,2057,m,35,<Dysodie>,TendenzzurHyperfunktion,Mutationsst?rung
2068,p,2001/7/25,2257,m,59,<Dysodie>,
2103,p,2001/9/5,2292,m,34,<Dysodie><Kontaktpachydermie>,KontaktpachydermieohneKontaktpachydermie
2187,p,2001/12/5,2365,m,22,<Dysodie>,AusgebildeteGesangsstimme
2313,p,2002/3/6,2448,m,33,<Dysodie><FunktionelleDysphonie>,
2327,p,2002/4/24,2461,m,60,<Dysodie><FunktionelleDysphonie>,
2474,p,2003/2/12,2608,m,61,<Dysodie><Kontaktpachydermie>,KontaktpachydermieohneKontaktpachydermie
2524,p,2003/11/19,2658,m,40,<Dysodie><FunktionelleDysphonie>,TenzendzurHyperfunktion
2552,p,2003/12/10,2686,m,23,<Dysodie>,
127,p,1998/1/28,64,w,65,<Dysodie><HyperfunktionelleDysphonie>,BeginnendeAltersstimme,hyperfunktionelleKompensation
1335,p,1999/5/19,101,w,54,<HyperfunktionelleDysphonie><PsychogeneDysphonie>,Zweitaufnahme
355,p,1998/3/4,120,w,48,<HyperfunktionelleDysphonie>,LeichtehyperfunktionelleDysphonie,Kiefergelenksathropie
890,p,1998/8/8,120,w,49,<HyperfunktionelleDysphonie>,Ponogen
1280,p,1999/3/17,936,w,19,<HyperfunktionelleDysphonie>,Tendenzdahin,engeArtikulation,d?nneStimme
1471,p,1999/10/20,936,w,20,<HyperfunktionelleDysphonie>,DritteAufnahme
140,p,1998/2/4,1319,w,44,<HyperfunktionelleDysphonie>,PsychogenhyperfunktionelleDysphonie
889,p,1998/7/22,1340,w,59,<HyperfunktionelleDysphonie><Reinke?dem>,R?ckl?ufig
1090,p,1998/11/25,1340,w,59,<HyperfunktionelleDysphonie><Reinke?dem>,ZustandnachAbtragung
363,p,1998/3/18,1348,w,29,<HyperfunktionelleDysphonie>,MitbeginnendenPhonationsverdickungen(Gesangst?tigkeit)
499,p,1998/4/22,1372,w,28,<HyperfunktionelleDysphonie>,LeichteTendenzzurHyperfunktion,ausgebildeteGesangsstimme
665,p,1998/5/13,1392,w,68,<HyperfunktionelleDysphonie><SpasmodischeDysphonie>,VerdachtaufspasmodischeDysphoniebzw.hyperfunktionelleDysphonie
669,p,1998/5/13,1396,w,29,<HyperfunktionelleDysphonie>,HyperfunktionelleDysphonie
1331,p,1999/5/12,1401,w,42,<HyperfunktionelleDysphonie>,LeichteTendenzdazu,ponogenerFaktor
692,p,1998/5/15,1402,w,29,<Dysodie><HyperfunktionelleDysphonie>,SehrschnellesSprechtempo,engeArtikulation
724,p,1998/5/27,1417,w,45,<HyperfunktionelleDysphonie>,Ponogen
819,p,1998/6/10,1431,w,38,<HyperfunktionelleDysphonie><Laryngitis>,Ausgepr?gteHyperfunktionmitlaryngitischerKomponeneteundPhonationsverdickung
827,p,1998/6/24,1439,w,39,<HyperfunktionelleDysphonie>,Ponogen,deutlichgebessertnachTherapie
829,p,1998/6/24,1441,w,71,<HyperfunktionelleDysphonie>,Ausgepr?gt
857,p,1998/7/8,1457,w,41,<HyperfunktionelleDysphonie>,Leichte,mitpsychogenerKomponente
868,p,1998/7/15,1461,w,49,<HyperfunktionelleDysphonie>,Ponogen,Nebenbemerkung:Cortison-SpraybeiallergischemAsthma
1222,p,1999/1/20,1466,w,29,<HyperfunktionelleDysphonie>,M??igemitPhonationsverdickungbeidseitig
881,p,1998/7/22,1474,w,17,<HyperfunktionelleDysphonie>,AsthenischeStimme
1459,p,1999/9/8,1499,w,50,<HyperfunktionelleDysphonie><PsychogeneDysphonie>,Zweitaufnahme
909,p,1998/9/9,1501,w,49,<HyperfunktionelleDysphonie>,Ponogenmiteventuellphsychogen-phonasthenischerKomponente
1468,p,1999/10/20,1505,w,39,<HyperfunktionelleDysphonie>,ZustandnachIntubationmitTrachealstenose,psychogeneKomponente
934,p,1998/10/14,1526,w,26,<HyperfunktionelleDysphonie>,Deutlichverk?rztesSchwingungsbild,verk?rzteRandkantenverschiebung
1037,p,1998/11/4,1533,w,50,<HyperfunktionelleDysphonie>,Ponogen
1044,p,1998/11/11,1540,w,31,<HyperfunktionelleDysphonie><Phonationskn?tchen>,Beidseitig
1050,p,1998/11/11,1546,w,36,<HyperfunktionelleDysphonie>,EventuellleichterTrenddazu
1088,p,1998/11/25,1562,w,55,<HyperfunktionelleDysphonie>,Ponogen,alteRekurrensparese
1189,p,1998/12/16,1588,w,25,<HyperfunktionelleDysphonie>,LeichteTendenzdazumitunvollst?ndigerSchlu?phase
1196,p,1999/1/6,1593,w,39,<HyperfunktionelleDysphonie><Sigmatismus>,ExtremengeArtikulation,orofacial-myofunktionelleSt?rung
1204,p,1999/1/13,1601,w,29,<HyperfunktionelleDysphonie>,Alte,ponogene,jetztnochdiskreteVerdickungbeidseitig
1607,p,2000/2/2,1601,w,30,<HyperfunktionelleDysphonie><Phonationskn?tchen>,Ponogen,vorbekannt,mensgrav.7
2363,p,2002/6/19,1601,w,32,<HyperfunktionelleDysphonie>,
1266,p,1999/3/10,1653,w,47,<HyperfunktionelleDysphonie><PsychogeneDysphonie>,Leichte
1284,p,1999/3/24,1671,w,33,<HyperfunktionelleDysphonie>,LeichteFormbeiStimmberuf
1294,p,1999/4/14,1679,w,39,<HyperfunktionelleDysphonie><Phonationskn?tchen>,BeidseitigeKn?tchen;1.Aufnahmepr?OP
1327,p,1999/5/12,1712,w,36,<HyperfunktionelleDysphonie>,DiskreteDysodie
1566,p,2000/1/5,1714,w,52,<HyperfunktionelleDysphonie><PsychogeneDysphonie>,Mitakutexcavierterentz?ndlicherKomponente
1379,p,1999/5/26,1727,w,38,<HyperfunktionelleDysphonie>,Ausgepr?gteGesangsstimme
1608,p,2000/2/2,1727,w,39,<HyperfunktionelleDysphonie>,AusgebildeteGesangsstimme
1380,p,1999/5/26,1729,w,48,<HyperfunktionelleDysphonie>,Leichtesupraglottische,ponogen-psychischeFaktoren
1406,p,1999/6/16,1757,w,31,<HyperfunktionelleDysphonie>,Ponogen
1431,p,1999/8/11,1779,w,35,<HyperfunktionelleDysphonie>,MitbeginnenderPhonationsverdickung;1.Aufnahmepr?Therapie
1442,p,1999/8/25,1789,w,31,<HyperfunktionelleDysphonie>,Ponogen,beiStimmberuf
1476,p,1999/10/27,1824,w,42,<HyperfunktionelleDysphonie>,LeichteForm,ZustandnachCystenabtragung
1500,p,1999/11/24,1846,w,73,<HyperfunktionelleDysphonie><Reinke?dem>,ZustandnachAbtragung
1562,p,1999/12/15,1869,w,29,<HyperfunktionelleDysphonie>,HWS-bedingt,Strahlenfolgen,ZustandnachNeckdissection+Radiatio(Schmicke-TU)
1571,p,2000/1/5,1878,w,47,<HyperfunktionelleDysphonie>,Ausgepr?gteForm,mit?bergangzurSpasmodischenDysphonie?
1591,p,2000/1/26,1891,w,49,<HyperfunktionelleDysphonie><Laryngitis>,Beginnend,Laryngitischronisch,Nikotinabusus
1594,p,2000/1/26,1894,w,64,<HyperfunktionelleDysphonie>,Beginnend
1648,p,2000/3/29,1947,w,36,<HyperfunktionelleDysphonie>,NachLaryngitis
1993,p,2001/3/28,1959,w,35,<HyperfunktionelleDysphonie>,Ponogen
1778,p,2000/8/9,1966,w,53,<HyperfunktionelleDysphonie><Reinke?dem>,ZusandnachAbtragung
1669,p,2000/4/12,1968,w,29,<HyperfunktionelleDysphonie><Phonationskn?tchen>,ZustandnachAbtragung
1682,p,2000/5/17,1981,w,21,<HyperfunktionelleDysphonie>,SehrengeArtikulation,Singstimmausbildung
1816,p,2000/10/25,1981,w,21,<HyperfunktionelleDysphonie>,Vorbekannte,Tendenzdazu,GesangalsNebenfach
1686,p,2000/5/17,1985,w,58,<HyperfunktionelleDysphonie>,HyperfunktionelleDysphonie
1895,p,2000/12/20,1987,w,42,<HyperfunktionelleDysphonie>,Mai20002xSt?tze
1690,p,2000/5/24,1989,w,55,<HyperfunktionelleDysphonie><PsychogeneDysphonie>,Ponogen
1745,p,2000/6/21,2009,w,27,<HyperfunktionelleDysphonie><Phonationskn?tchen>,Kn?tchenimAnfangsstadiumbeidseitig,fr?herStottern
2151,p,2001/11/14,2019,w,60,<HyperfunktionelleDysphonie>,Ponogen,ausgepr?gtmittypischemstroboskopischemBild
1758,p,2000/7/5,2022,w,56,<HyperfunktionelleDysphonie>,LeichteFormnachInfektmitkleinenPhonationsverdickungenbeidseitig
1777,p,2000/8/9,2041,w,43,<HyperfunktionelleDysphonie>,M??igeForm,multifaktoriellpsychogen
1786,p,2000/9/6,2050,w,56,<HyperfunktionelleDysphonie>,Ponogen
1792,p,2000/9/13,2056,w,29,<HyperfunktionelleDysphonie>,LeichteFormbeibeginnenderPhonationsverdickung,ponogeneKomponente
1944,p,2001/2/7,2060,w,22,<HyperfunktionelleDysphonie>,Ponogen
1800,p,2000/9/27,2065,w,23,<HyperfunktionelleDysphonie><Phonationskn?tchen>,ZarteKn?tchen
1929,p,2001/1/24,2065,w,23,<HyperfunktionelleDysphonie>,Ponogen,jetztabgeschlossenelogop?discheTherapie
1822,p,2000/11/15,2086,w,26,<HyperfunktionelleDysphonie>,Tendenzdazu
1823,p,2000/11/15,2088,w,47,<HyperfunktionelleDysphonie>,VorbekannteponogeneDysphonie
2482,p,2003/3/5,2088,w,49,<HyperfunktionelleDysphonie>,Ponogen
1887,p,2000/12/13,2111,w,31,<Aryluxation><HyperfunktionelleDysphonie>,ZustanddanachmitRepositionundausgepr?gterHyperfunktion
1888,p,2000/12/13,2112,w,31,<HyperfunktionelleDysphonie>,
1891,p,2000/12/13,2116,w,39,<HyperfunktionelleDysphonie><PsychogeneDysphonie>,
1898,p,2000/12/20,2121,w,34,<HyperfunktionelleDysphonie>,Ausgepr?gteAsymmetrieundFrequenzwechselindenPerioden
1900,p,2000/12/20,2124,w,52,<HyperfunktionelleDysphonie><PsychogeneDysphonie>,PonogeneKomponente
1927,p,2001/1/24,2138,w,19,<HyperfunktionelleDysphonie><Phonationskn?tchen>,Phonationsverdickungbeidseitig
1952,p,2001/2/21,2161,w,45,<HyperfunktionelleDysphonie>,LeichteTendenzdazubeiponogenerBelastung
1964,p,2001/3/7,2174,w,46,<HyperfunktionelleDysphonie><PsychogeneDysphonie>,PonogenmitZustandnach3xKn?tchenabtragung,vernarbteStimml.mitwerdenderHyperfunktion
2293,p,2002/2/27,2174,w,47,<HyperfunktionelleDysphonie>,Ponogen
1976,p,2001/3/14,2187,w,73,<HyperfunktionelleDysphonie>,LeichteForm
1982,p,2001/3/21,2192,w,36,<HyperfunktionelleDysphonie>,Lehrerstimme
1983,p,2001/3/21,2193,w,57,<HyperfunktionelleDysphonie>,LeichteTendenzdazumitTeleangieektasien
1988,p,2001/3/28,2198,w,49,<HyperfunktionelleDysphonie><PsychogeneDysphonie>,CervicogeneKomponente
2012,p,2001/5/9,2220,w,49,<HyperfunktionelleDysphonie><Laryngitis>,ChronischeLaryngitisundausgepr?gtehyperf.Dysphonie
2062,p,2001/6/13,2251,w,28,<HyperfunktionelleDysphonie>,MitbeginnendenPhonationskn?tchen,li>re
2067,p,2001/7/25,2256,w,56,<HyperfunktionelleDysphonie>,ZustandnachSt?tze;hyperfunktionelleKomponente;hoheSprechstimmlage
2071,p,2001/8/1,2263,w,60,<HyperfunktionelleDysphonie>,Ponogen
2080,p,2001/8/8,2269,w,44,<HyperfunktionelleDysphonie>,Tendenzdazu
2090,p,2001/8/22,2279,w,41,<HyperfunktionelleDysphonie><Stimmlippenpolyp>,Sekund?reHyperfunktion
2102,p,2001/9/5,2291,w,54,<Dysodie><HyperfunktionelleDysphonie>,ZustandnachKn?tchenabtragungvor18Jahren,aktuellkeineKn?tchen
2104,p,2001/9/5,2293,w,40,<HyperfunktionelleDysphonie><PsychogeneDysphonie>,
2114,p,2001/9/19,2304,w,38,<Dysodie><HyperfunktionelleDysphonie>,
2121,p,2001/9/26,2310,w,69,<HyperfunktionelleDysphonie><Voxsenilis>,
2122,p,2001/9/26,2311,w,59,<HyperfunktionelleDysphonie>,LeichteForm(Carcinophobie)
2124,p,2001/9/26,2313,w,64,<Dysodie><HyperfunktionelleDysphonie>,MultifaktoriellmitbeginnenderAltersstimme
2138,p,2001/10/24,2327,w,61,<HyperfunktionelleDysphonie>,LeichteHyperfunktionbeicervicogenemR?usperzwang,leichteAsymmetrie
2139,p,2001/10/24,2328,w,48,<HyperfunktionelleDysphonie>,Multifaktoriell
2184,p,2001/12/5,2361,w,18,<Dysodie><HyperfunktionelleDysphonie>,
2215,p,2001/12/19,2376,w,34,<HyperfunktionelleDysphonie>,
2225,p,2002/1/2,2386,w,50,<HyperfunktionelleDysphonie>,
2228,p,2002/1/9,2390,w,36,<HyperfunktionelleDysphonie>,
2229,p,2002/1/9,2391,w,24,<HyperfunktionelleDysphonie>,
2245,p,2002/1/23,2406,w,62,<HyperfunktionelleDysphonie>,
2272,p,2002/2/6,2416,w,28,<HyperfunktionelleDysphonie>,
2288,p,2002/2/20,2422,w,49,<HyperfunktionelleDysphonie>,LeichteForm
2292,p,2002/2/27,2426,w,35,<HyperfunktionelleDysphonie>,
2298,p,2002/2/27,2432,w,52,<HyperfunktionelleDysphonie>,
2331,p,2002/4/24,2465,w,23,<HyperfunktionelleDysphonie>,MitbeginnenderPhonationsverdickung
2338,p,2002/5/8,2472,w,24,<HyperfunktionelleDysphonie>,
2370,p,2002/7/3,2504,w,48,<HyperfunktionelleDysphonie><Laryngitis><Leukoplakie>,ChronischeLaryngitisZustandn.Leukoplakieabtragung,leichteHyperfunktion
2374,p,2002/8/7,2508,w,40,<HyperfunktionelleDysphonie>,Leichtponogen
2378,p,2002/8/7,2512,w,47,<HyperfunktionelleDysphonie><Rekurrensparese>,Rec.par.li,beginnendeKompensation,hyperfunktionell
2398,p,2002/9/4,2532,w,94,<Dysodie><HyperfunktionelleDysphonie>,
2399,p,2002/9/4,2533,w,31,<HyperfunktionelleDysphonie>,PhonatorischeVerdickungre
2425,p,2002/10/2,2559,w,35,<HyperfunktionelleDysphonie>,Sehrausgepr?gt
2466,p,2003/1/15,2600,w,45,<HyperfunktionelleDysphonie><Stimmlippenpolyp>,Ausgepr?gteForm,phonatorischerStillstandlinks;ZustandnachAbtragungdesPolypenlinks
2471,p,2003/2/5,2605,w,47,<HyperfunktionelleDysphonie>,Zustandnach?demabtragung,organischfunktionell
2479,p,2003/2/19,2613,w,46,<HyperfunktionelleDysphonie>,
2480,p,2003/2/19,2614,w,46,<HyperfunktionelleDysphonie>,
2517,p,2003/11/12,2651,w,66,<HyperfunktionelleDysphonie><PsychogeneDysphonie>,
2523,p,2003/11/12,2657,w,66,<HyperfunktionelleDysphonie>,
2526,p,2003/11/19,2660,w,62,<HyperfunktionelleDysphonie><PsychogeneDysphonie>,
2540,p,2003/11/26,2674,w,56,<HyperfunktionelleDysphonie>,Ponogen
2553,p,2003/12/17,2687,w,42,<HyperfunktionelleDysphonie>,Ponogen
2577,p,2004/3/10,2711,w,47,<HyperfunktionelleDysphonie><PsychogeneDysphonie>,Multifaktoriell
2589,p,2004/4/21,2723,w,21,<HyperfunktionelleDysphonie>,Ponogen,mitPhonationsverdickungenbds
2590,p,2004/4/21,2724,w,24,<HyperfunktionelleDysphonie>,Ponogen
2591,p,2004/4/21,2725,w,41,<HyperfunktionelleDysphonie><Reinke?dem>,ZustandnachAbtragung
2603,p,2004/5/12,2729,w,21,<HyperfunktionelleDysphonie>,LeichteForm
2604,p,2004/5/12,2730,w,40,<HyperfunktionelleDysphonie>,PonogeneForm
106,p,1998/1/21,1303,m,59,<Fibrom><HyperfunktionelleDysphonie>,SubglottischesFibrommitleichterHyperfunktion
159,p,1998/2/11,1314,m,54,<HyperfunktionelleDysphonie>,HyperfunktionelleDysphonie
160,p,1998/2/12,1333,m,42,<HyperfunktionelleDysphonie>,LeichtpsychogenehyperfunktionelleDysphonie
348,p,1998/3/3,1336,m,59,<HyperfunktionelleDysphonie>,LeichtehyperfunktionelleDysphonie,ponogen
850,p,1998/7/1,1449,m,62,<Diplophonie><HyperfunktionelleDysphonie>,Ausgepr?gtmitPhonationsverdickung
854,p,1998/7/8,1452,m,23,<HyperfunktionelleDysphonie>,Schauspielerstimme,abklingendeHyperfunktion(sehrwenigRestsymptomatik)
894,p,1998/8/26,1489,m,73,<HyperfunktionelleDysphonie>,BeietwasabgerundetenStimmlippen
1083,p,1998/11/25,1555,m,50,<HyperfunktionelleDysphonie>,DysplastischerKehlkopf,leichtponogen
1085,p,1998/11/25,1557,m,43,<HyperfunktionelleDysphonie><Rhinophonieclausa>,LeichteFormderhyperfunktionellenDysphonie,ponogen
1282,p,1999/3/24,1668,m,40,<HyperfunktionelleDysphonie>,Stottern
1285,p,1999/3/24,1673,m,64,<HyperfunktionelleDysphonie><Phonationskn?tchen>,Beidseitig,eventuellPolyprechts(klein)
1310,p,1999/4/28,1695,m,26,<HyperfunktionelleDysphonie>,Leicht?demat?seStimmlippen,Gesangstechnik
1492,p,1999/11/10,1838,m,41,<HyperfunktionelleDysphonie>,HyperfunktionelleDysphonie
1569,p,2000/1/5,1876,m,31,<HyperfunktionelleDysphonie>,Ponogen
1602,p,2000/2/2,1907,m,29,<HyperfunktionelleDysphonie>,HyperfunktionelleDysphonie
1653,p,2000/3/29,1953,m,56,<HyperfunktionelleDysphonie>,LeichteForm
1741,p,2000/6/14,2005,m,61,<HyperfunktionelleDysphonie><Kontaktpachydermie>,KontaktpachydermieohneKontaktpachydermie,leichteFormderHyperfunktion,langeGesangst?tigkeit
1812,p,2000/10/25,2079,m,58,<HyperfunktionelleDysphonie>,Ponogen,Lehrerstimme
1861,p,2000/11/27,2104,m,26,<HyperfunktionelleDysphonie>,LeichteForm
2186,p,2001/12/5,2120,m,32,<HyperfunktionelleDysphonie>,BeiausgebildeterGesangsstimme
1903,p,2001/1/10,2126,m,22,<HyperfunktionelleDysphonie>,LeichteFormderDysphonie
1934,p,2001/1/31,2145,m,50,<HyperfunktionelleDysphonie>,SupraglottischeEinengungmitengerArtikulation;nochRehama?nahme
1978,p,2001/3/14,2189,m,52,<HyperfunktionelleDysphonie><Laryngitis>,Ausgepr?gteForm
2135,p,2001/10/17,2324,m,63,<HyperfunktionelleDysphonie><Kontaktpachydermie>,KontaktpachydermieohneKontaktpachydermie
2185,p,2001/12/5,2362,m,61,<HyperfunktionelleDysphonie>,
2232,p,2002/1/9,2389,m,52,<HyperfunktionelleDysphonie>,
2230,p,2002/1/9,2392,m,53,<HyperfunktionelleDysphonie>,LeichteForm
2233,p,2002/1/16,2395,m,35,<HyperfunktionelleDysphonie>,PonogenbeiSprechberuf,erh?htemittlereSprechstimmlage
2239,p,2002/1/16,2400,m,51,<HyperfunktionelleDysphonie>,
2240,p,2002/1/16,2401,m,47,<HyperfunktionelleDysphonie>,
2241,p,2002/1/23,2402,m,63,<HyperfunktionelleDysphonie>,
2420,p,2002/9/25,2554,m,36,<HyperfunktionelleDysphonie><Kontaktpachydermie>,MithypofunktionellenKomponenten;KontaktpachydermieohneKontaktpachydermie
2454,p,2002/12/4,2588,m,64,<HyperfunktionelleDysphonie>,
2463,p,2003/1/15,2597,m,38,<HyperfunktionelleDysphonie>,Multifaktoriell,ponogen
2487,p,2003/6/4,2621,m,70,<HyperfunktionelleDysphonie><Laryngitis>,ZustandnachakuterFormderLaryngitis
2492,p,2003/6/11,2626,m,34,<HyperfunktionelleDysphonie><Kontaktpachydermie>,Kontaktpachydermierechts
2521,p,2003/11/12,2655,m,51,<HyperfunktionelleDysphonie><Laryngitis>,ChronischeLaryngitis;organischehyperfunktionelleDysphonie
2572,p,2004/3/10,2706,m,38,<HyperfunktionelleDysphonie><Stimmlippenpolyp>,ZustandnachAbtragung,hyperfunktionelleKompensation
148,p,1998/2/11,73,w,73,<Voxsenilis>,Voxsenilis
360,p,1998/3/11,1347,w,75,<Voxsenilis>,Beginnnendevoxsenilis,auff?lligesvoiceonset
612,p,1998/5/5,1387,w,76,<Voxsenilis>,MitPetechien(Einblutungen)rechteStimmlippe
816,p,1998/6/10,1428,w,70,<Voxsenilis>,Voxsenilis
826,p,1998/6/24,1438,w,78,<Voxsenilis>,Leicht?demat?seStimmlippen
846,p,1998/7/1,1445,w,68,<Voxsenilis>,SubglottaleCyste
1159,p,1998/12/9,1445,w,69,<Voxsenilis>,LeichtesubglottischeEinengung
1636,p,2000/3/1,1936,w,73,<Dysphonie><Voxsenilis>,Dyskoordination
1694,p,2000/5/24,1993,w,66,<FunktionelleDysphonie><Voxsenilis>,FunktionelleDysphonie+Voxsenilis
2564,p,2004/1/7,2007,w,61,<Rekurrensparese><Voxsenilis>,Kompensiert,alte
1772,p,2000/8/2,2036,w,77,<Dysarthrophonie><Voxsenilis>,DysarthrophoniemitzentrallaryngalerBewegungsst?rung
1971,p,2001/3/14,2180,w,77,<Voxsenilis>,Intermedi?rschw?che
2097,p,2001/8/29,2283,w,30,<Dysphonie><Laryngitis><Voxsenilis>,Chron.Laryngitis
2110,p,2001/9/12,2299,w,77,<Laryngitis><Reinke?dem><Voxsenilis>,Laryngitisistchronischmitbds.beginnendemReinke-?dem,Nikotinabusus
2121,p,2001/9/26,2310,w,69,<HyperfunktionelleDysphonie><Voxsenilis>,
2307,p,2002/3/6,2441,w,75,<HyperfunktionelleDysphonie><Voxsenilis>,
2415,p,2002/9/18,2549,w,74,<Voxsenilis>,
2421,p,2002/9/25,2555,w,87,<Voxsenilis>,
2509,p,2003/10/29,2643,w,63,<Voxsenilis>,
2515,p,2003/11/5,2649,w,75,<Voxsenilis>,
2522,p,2003/11/12,2656,w,84,<Voxsenilis>,
2569,p,2004/3/3,2703,w,73,<Voxsenilis>,ZustandnachStrumektomie,keineRekurrensparese
2601,p,2004/5/5,2727,w,64,<FunktionelleDysphonie><Voxsenilis>,
818,p,1998/6/10,1430,m,72,<Laryngitis><Voxsenilis>,MultikausaleStimmst?rung,Laryngitis,voxsenilis,Schwerh?rigkeit
899,p,1998/9/2,1491,m,85,<Voxsenilis>,Differentialdiagnose:eventuellalteSch?digungdesArygelenksrechts
1039,p,1998/11/4,1535,m,75,<Voxsenilis>,ZentrallaryngaleKomponente
1197,p,1999/1/6,1594,m,69,<Voxsenilis>,LeichteForm,keinpathologischerBefund,hohemittlereSprechstimmlage
1220,p,1999/1/20,1608,m,76,<Voxsenilis>,Voxsenilis
1268,p,1999/3/10,1656,m,83,<Voxsenilis>,MitStimmschw?che
1338,p,1999/5/19,1720,m,89,<Chondrom><Voxsenilis>,MassiveFormmitbreiterExcavation,SubglottischesChondrom
2003,p,2001/4/4,2212,m,77,<Laryngitis><Voxsenilis>,Laryngitissubglottisch
2055,p,2001/6/6,2244,m,81,<Voxsenilis>,
2319,p,2002/3/13,2453,m,81,<Voxsenilis>,Voxsenilis
2377,p,2002/8/7,2511,m,67,<Voxsenilis>,
929,p,1998/9/30,74,w,54,<Rekurrensparese>,AltelinksmithyperfunktionellerKomponente,sehrasymmetrisch,z.T.paradoxesSchwingungsbild
105,p,1998/1/21,1302,w,74,<Rekurrensparese>,Phonatorischkompensiert,linksmitnochdiskreterBewegungseinschr?nkungundhyperfunktionellerKomponentebeihohenFrequenzen;ZustandnachHerz-OP
108,p,1998/1/21,1305,w,65,<Rekurrensparese>,Strumipriv,mitbeginnnenderguterphonatorischerKompensation
362,p,1998/3/11,1305,w,65,<Rekurrensparese>,JetztpraktischvollkommeneKompensationlinks
728,p,1998/5/27,1305,w,65,<Rekurrensparese>,Mitunvollst?ndigerKompensation,VerschlechterungderStimme
120,p,1998/1/28,1312,w,49,<Rekurrensparese>,StrumiprivmitStillstandlinks,Einschr?nkungderBeweglichkeitrechts,vollkommenephonatorischeKompensation
138,p,1998/1/29,1315,w,61,<Rekurrensparese>,Frischemitunvollst?ndigerhyperfunktionellerKompensationnachElektrotherapie
150,p,1998/2/11,1329,w,69,<Rekurrensparese>,Rechts(20Jahrebekannt)mitAtrophierechts,rechtsheredit?re(erbliche)Muskelschw?che(Ardenne)
152,p,1998/2/11,1331,w,68,<Rekurrensparese>,?ltererechtsmitguterKompensation
356,p,1998/3/11,1342,w,51,<Rekurrensparese>,AlterechtsmitKompensation;geringeBewegungseinschr?ngkung
448,p,1998/3/25,1357,w,34,<Rekurrensparese>,Alteunvollst?ndigkompensierte(mitphonasthetischerSchonhaltung?)
2512,p,2003/11/5,1357,w,40,<Rekurrensparese>,Phonatorischkomplettkompensiert,links,hyperfunktionelleTendenz
450,p,1998/3/25,1359,w,55,<Rekurrensparese>,DoppelseitigebeiZustandnachLateralfixationundArytenoidektomiemitnochunvollst?ndigersupraglottischerKompensation
565,p,1998/4/29,1382,w,54,<Rekurrensparese>,Beidseitige
627,p,1998/5/6,1383,w,45,<Reinke?dem><Rekurrensparese>,LinksmitKompensation;Reinke-?dembeidseitig,relativausgepr?gt
632,p,1998/5/6,1389,w,56,<Reinke?dem><Rekurrensparese>,DoppelseitigenachStrumektomie+Reinke-?dembeidseitig,Stridor!
633,p,1998/5/6,1390,w,69,<Rekurrensparese>,Doppelseitigemitausgespr?gtemStridor;GlottiserweiterungmitLaser?
671,p,1998/5/13,1398,w,66,<Rekurrensparese>,Strumiprivelinks,unvollst?ndigeKompensation
879,p,1998/7/15,1398,w,66,<Rekurrensparese>,Abklingend,paramedianmitbeginnenderKompensation
712,p,1998/5/20,1404,w,42,<Rekurrensparese>,NachStrumektomiemitfastvollst?ndigerKompensation,gutestroboskopischeEigenbeweglichkeit
716,p,1998/5/20,1408,w,43,<Rekurrensparese>,PartiellelinksmitKompensation
725,p,1998/5/27,1419,w,65,<Rekurrensparese>,MitbeginnenderKompensation?
1604,p,2000/2/2,1419,w,67,<Rekurrensparese>,Linke,mitguterphonat.Kompensation
855,p,1998/7/8,1453,w,72,<Rekurrensparese>,Doppelseitigkompensiert,ZustandnachLateralfixationlinks
864,p,1998/7/8,1456,w,27,<Rekurrensparese>,KeineSymptomatikmehr,unauff?lligesstroboskopischesBild
859,p,1998/7/8,1459,w,53,<Rekurrensparese><Stimmlippenpolyp>,FrischerZustandnachGranulationspolypabtragungbeiRekurrenspareselinks,unvollst?ndigeKompensation
869,p,1998/7/15,1462,w,67,<Rekurrensparese>,MitphonatorischerKompensation
874,p,1998/7/15,1470,w,50,<Rekurrensparese>,Frischestrumiprivelinks,ohneKompensation
880,p,1998/7/22,1473,w,56,<Rekurrensparese>,StrumiprivemitKompensation
893,p,1998/8/26,1488,w,50,<Rekurrensparese>,Frische(8Tagealt)linksohneKompensation
924,p,1998/9/16,1516,w,73,<Rekurrensparese>,Alte,kompensiert
1040,p,1998/11/4,1536,w,61,<Rekurrensparese>,Fastparamedian,gutephonatorischeKompensation
1049,p,1998/11/11,1545,w,50,<Rekurrensparese>,MitKompensation
1054,p,1998/11/18,1552,w,24,<Rekurrensparese>,Zustandnachpartiellerlinks(geringeingeschr?nkt),jetztallerdingsvollkommensymmetrischesSchwingungsbild
1166,p,1998/12/10,1581,w,54,<Rekurrensparese>,Strumiprive,beidseitig,alterechts,hierexcavierteStimmlippe,linkskeineRestbeweglichkeit,Stridor
1262,p,1999/3/3,1614,w,42,<Rekurrensparese>,Linksmitgeringem?dem/H?matomungef?hr4Wochenher(27.01.99);ZweitaufnahmenachTherapie
1292,p,1999/3/24,1614,w,42,<Rekurrensparese>,Links,keineRestbeweglichkeit
1402,p,1999/6/9,1614,w,42,<Rekurrensparese>,Links,komplettohneKompensation
2150,p,2001/11/14,1614,w,45,<Rekurrensparese>,RestparesemitkompletterphonatorischerKompensation
1263,p,1999/3/3,1635,w,33,<Rekurrensparese>,RechtsnachStrumektomie
1256,p,1999/3/3,1642,w,40,<Rekurrensparese>,IdiopathischemitsehrbreiterglottischerInsuffizienz
1272,p,1999/3/17,1658,w,27,<Rekurrensparese>,Rechts,beilaufenderlogop?discherTherapie,mitbeginnenderphonatorischerKompensationErsteAufnahmenach3.Therapie,OP02.02.99
1293,p,1999/4/14,1678,w,64,<Rekurrensparese>,Beidseitig,ZustandnachGlottiserweiterung,breiterSpalt;ErsteAufnahmevorTherapie
1390,p,1999/6/2,1678,w,64,<Rekurrensparese>,Beidseitig,ZustandnachGlottiserweiterung
1330,p,1999/5/12,1716,w,59,<Rekurrensparese>,Beidseitig,frischeForm,stroboskopischkeinesichereBeweglichkeit;1.Aufnahme
1664,p,2000/4/5,1716,w,60,<Rekurrensparese>,Beidseitig,mitgeringerRestbeweglichkeit
1713,p,2000/5/31,1716,w,60,<Rekurrensparese>,Beidseitig,strob.Restbeweglickeit
1407,p,1999/6/16,1758,w,57,<Rekurrensparese>,Rechts,komplett,ohnestroboskopischeRestbeweglichkeit
1418,p,1999/6/23,1771,w,68,<Laryngitis><Rekurrensparese>,OhneKompensationlinks,keinestroboskopischeRestbeweglichkeit,ChronischeLaryngitis
1437,p,1999/8/18,1786,w,79,<Rekurrensparese>,Links,kompletteFormohneKompensation,dazuDysphagie
1444,p,1999/8/25,1794,w,43,<Rekurrensparese>,AlteForm,unvollst?ndigehyperfunktionelleKompensation
1470,p,1999/10/20,1818,w,60,<Rekurrensparese>,Beidseitig,ohnestroboskopischeRestbeweglichkeitnachSchilddr?senmalignomundtotalerStrumektomie
1655,p,2000/3/29,1818,w,60,<Rekurrensparese>,Beidseitig,ohnestroboskopischeRestbeweglichkeit
1676,p,2000/5/3,1818,w,60,<Rekurrensparese>,ZustandnachGlottiserweiterungbeibeids.Rec.Par.,strob.KeineRestbeweglichkeit(nachSchilddr?senCA)2.Aufnahme(1.NachlaserchirurgischerGlott.Erweiterung)
1785,p,2000/8/16,1818,w,61,<Rekurrensparese>,ZustandnachGlottiserweiterungbeibeids.Rek-par.,wenigRestbeweglichkeit;2.Aufn.nachLaserresektion
1722,p,2000/6/7,1819,w,74,<Rekurrensparese><Stimmlippenpolyp>,Beidseitig,ZustandnachlaserchirurgischerGlottiserweiterung;kleinerGranulationspolypli
1484,p,1999/11/3,1832,w,72,<Rekurrensparese>,Links,strumiprive,geringeRestbeweglichkeit
1581,p,2000/1/12,1832,w,72,<Dysodie><Rekurrensparese>,Jetztkompensiert,lediglichDysodie
1489,p,1999/11/10,1835,w,33,<Rekurrensparese>,Idiopatische,links,mitgeringerRestbeweglichkeit
1547,p,1999/12/1,1854,w,63,<Rekurrensparese>,Links,deutlicheVerbesserunggegen?berVorbefund
1553,p,1999/12/8,1863,w,51,<Rekurrensparese>,Strumiprive,links,mitguterEigenbeweglichkeit
1626,p,2000/2/23,1863,w,52,<Rekurrensparese>,Zustanddanach,jetztvollst?ndigeKompensation
1570,p,2000/1/5,1877,w,68,<Rekurrensparese>,Frischestrumiprive,mitinkompletterKompensation
1620,p,2000/2/16,1921,w,47,<Rekurrensparese>,Links,intubationsbedingt,mitguterstroboskopischerRestbeweglichkeit
1624,p,2000/2/23,1923,w,47,<Rekurrensparese>,Rechts,ZustandnachSt?tze,Interarybereichverdicktgeschwollen,Stridor
1631,p,2000/3/1,1930,w,53,<Rekurrensparese>,Kompensierte,alte
1691,p,2000/5/24,1990,w,57,<Rekurrensparese>,Alte,li
1892,p,2000/12/13,1990,w,58,<Rekurrensparese>,StrumipriveRec.par.li;OPAug.1999
2083,p,2001/8/8,1990,w,58,<Rekurrensparese>,Links,komplettkompensiert
2190,p,2001/12/12,1990,w,59,<Rekurrensparese>,Links,mitkompletterKompensation
2491,p,2003/6/4,2001,w,64,<Reinke?dem><Rekurrensparese>,ZustandnachAbtragung;kompensiertePareserechts
2564,p,2004/1/7,2007,w,61,<Rekurrensparese><Voxsenilis>,Kompensiert,alte
1760,p,2000/7/5,2024,w,55,<Rekurrensparese>,RechtsinIntermedi?rstellung,keineKompensation,breiteglottischeInsuffizienz;R1B2H1
1776,p,2000/8/9,2040,w,55,<Rekurrensparese>,Re,inIntermedi?rstellungmitsehrwenigstrob.Restbeweglichkeit,2.AufnahmenachTherapie
2109,p,2001/9/12,2040,w,56,<Rekurrensparese>,KompensiertinIntermedi?rstellung,z.T.hyperfunkt.supraglott.Eineingung
1788,p,2000/9/6,2053,w,59,<Rekurrensparese>,VorbekanntealteParesere,z.B.zentrallaryngaleBewegungsst?rungbeiAcustikusneurinomli
1803,p,2000/9/27,2069,w,71,<Rekurrensparese>,VorbekannteRec.par.(strumipriv),lileichteBewegungseinschr?nkung;Dysphagie
1820,p,2000/11/8,2085,w,70,<Rekurrensparese>,StrumiprivelimitspontanguterKompensation
1825,p,2000/11/15,2090,w,67,<Rekurrensparese>,Links,paramedian,beginnendeKompensation
1835,p,2000/11/22,2091,w,57,<Rekurrensparese>,IdiopatischeForm,beidseitig
1829,p,2000/11/22,2095,w,41,<Rekurrensparese>,Linksparamedian,mitbeginnenderphonatorischerKompensation
1831,p,2000/11/22,2098,w,55,<Rekurrensparese><Zentral-laryngaleBewegungsst?rung>,ZustandnachalterParese,guterGlottisschlu?;jetztZungengrundtumorlinks
1836,p,2000/11/22,2103,w,57,<Rekurrensparese>,Ausschlu?einerAryluxationre,z.B.Rec.par.
1867,p,2000/12/6,2108,w,74,<Rekurrensparese>,StrumiprivefrischeRec.par.limitrelativguterEigenbeweglichkeit
1970,p,2001/3/7,2108,w,74,<Rekurrensparese>,Re,vollkompensiertmitEuphonie
1939,p,2001/2/7,2150,w,75,<Rekurrensparese>,StrumiprivelimitguterKompensation
2002,p,2001/4/4,2211,w,60,<Rekurrensparese>,
2024,p,2001/5/23,2233,w,71,<Rekurrensparese>,Rec.par.liohneKompensation,eherschlaff,R1H2B1
2033,p,2001/5/30,2242,w,61,<Rekurrensparese>,Links,ohneKompensation
2073,p,2001/8/1,2265,w,64,<Rekurrensparese>,Vollkompensiert,mitpraktischnormalemSchwingungsbild
2086,p,2001/8/22,2275,w,75,<Rekurrensparese>,MitKompensation
2115,p,2001/9/19,2305,w,66,<Rekurrensparese>,Li,ohnestroboskopischeRestbeweglichkeit
2153,p,2001/11/21,2350,w,52,<Rekurrensparese>,RechtsohneKompensation
2330,p,2002/4/24,2350,w,53,<Rekurrensparese>,Rec.par.rechts
2160,p,2001/11/21,2357,w,40,<Rekurrensparese>,Rechts,keineKompensationnachNebenschilddr?senadenom
2218,p,2002/1/2,2379,w,52,<Rekurrensparese>,BeginnendePareselimitKompensation
2237,p,2002/1/16,2397,w,45,<Rekurrensparese>,Inkomplettkompensiert
2247,p,2002/1/23,2408,w,48,<Rekurrensparese>,Rechts,fastkompletteKompensation
2274,p,2002/2/6,2418,w,47,<Rekurrensparese>,Rechts
2378,p,2002/8/7,2512,w,47,<HyperfunktionelleDysphonie><Rekurrensparese>,Rec.par.li,beginnendeKompensation,hyperfunktionell
2394,p,2002/8/21,2528,w,72,<Rekurrensparese>,Li,strumipriv,guteRestbeweglichkeit
2414,p,2002/9/18,2548,w,48,<Rekurrensparese>,Strumipriv
2460,p,2003/1/8,2594,w,57,<Rekurrensparese>,Strumipriv,rechts,ohnephonatorischeKompensation
2476,p,2003/2/12,2610,w,54,<Rekurrensparese>,Rechts,phonatorischkomplettkompensiert
2493,p,2003/6/11,2627,w,62,<Rekurrensparese>,Kompensiert,rechts
2496,p,2003/6/11,2630,w,61,<Rekurrensparese>,Schlaff,rechts,nichtkompensiert
2501,p,2003/7/9,2635,w,46,<Rekurrensparese>,Rechts
2507,p,2003/7/16,2641,w,38,<Rekurrensparese>,Doppelseitig,nachStrumektomie
2538,p,2003/11/26,2672,w,46,<Rekurrensparese>,Links,kompensiert
2562,p,2004/1/7,2696,w,66,<Rekurrensparese>,Kompensiert,li
2563,p,2004/1/7,2697,w,62,<Rekurrensparese>,Kompensiert
128,p,1998/1/29,1313,m,47,<Rekurrensparese>,FrischelinksinIntermedi?rstellung,starkeVerhauchung;keinestroboskopischeRestbeweglichkeit;keinhyperfunktionellerKompensationsversuch
364,p,1998/3/18,1313,m,47,<Rekurrensparese>,IdiophatischerechtsinIntermedi?rstellung;breiteglottischeInsuffizienz
914,p,1998/9/9,1313,m,48,<Rekurrensparese>,Linksintermedi?rschlaff,keineKompensation,ausgepr?gteDysphonie
155,p,1998/2/11,1335,m,44,<Rekurrensparese>,Alte(Dezember1996)nachLungen-CA-OP,LobektomielinksmitKompensation
352,p,1998/3/4,1341,m,74,<Kontaktpachydermie><Rekurrensparese>,RechtsmitKompensation;Kontaktpachydermie
358,p,1998/3/11,1344,m,69,<Rekurrensparese>,KomplettidiophatischeDysphonierechts,Paramedianstellung,keinestroboskopischeBeweglichkeit,ohneKompensation
365,p,1998/3/18,1350,m,64,<Rekurrensparese>,LinksmitsehrguterphonatorischerKompensationnachlogop?discherTherapie
629,p,1998/5/6,1385,m,50,<Rekurrensparese>,Zustandnachdoppelseitiger,linkesStimmbandexcaviert,unvollst?ndigerSchlu?
908,p,1998/9/2,1385,m,50,<Rekurrensparese>,LinksinIntermedi?rstellung,excaviert,keineKompensation
1271,p,1999/3/17,1385,m,51,<Rekurrensparese>,LinksbeiexcavierterStimmlippe,breiterglottischerSpalt,starkverhaucht,unterlaufenderlogop?discherTherapie
670,p,1998/5/13,1397,m,76,<Rekurrensparese>,Links,unvollst?ndige(hyperfunktionelle)Kompensation
1314,p,1999/4/28,1397,m,77,<Rekurrensparese>,Nichtkompensiert,strumipriv
1564,p,1999/12/15,1397,m,78,<Rekurrensparese>,Links,relativgutkompensiert
726,p,1998/5/27,1420,m,66,<Rekurrensparese>,FrischerZustandnachbeidseitigerlaserchirurgischerErweiterungderGlottis
849,p,1998/7/1,1448,m,73,<Rekurrensparese>,DoppelseitigohneKompensation,rechtseingeschr?nkt,linkskomplett,schlaffeKomponente,totaleStrumektomie
2088,p,2001/8/22,1448,m,77,<Rekurrensparese>,Re,kompensiert
2395,p,2002/8/21,1448,m,78,<Rekurrensparese>,Re,vollkommenephonatorischeKompensation
2455,p,2002/12/4,1448,m,78,<Rekurrensparese>,Rechts,vollkompensiert
883,p,1998/7/22,1477,m,65,<Rekurrensparese>,Links,idiopathisch,unvollst?ndigeKompensation
912,p,1998/9/9,1477,m,65,<Rekurrensparese>,Nurnochdiskrethinten
897,p,1998/8/26,1484,m,81,<Rekurrensparese>,Mitunvollst?ndigerKompensation,z.B.Strumamalignom,Diagnosestehtnochaus
1755,p,2000/6/28,1559,m,75,<Rekurrensparese>,Li,mitguterphonatorischerKompensation
1223,p,1999/1/27,1611,m,36,<Rekurrensparese>,Links,inIntermedi?rstellung
1277,p,1999/3/17,1641,m,60,<Rekurrensparese>,Verlaufunterlogop?discherTherapie
1289,p,1999/3/24,1641,m,60,<Rekurrensparese>,KeinpathologischerBefundmehr,Normalbefund
1304,p,1999/4/21,1689,m,61,<Rekurrensparese>,Strumiprive,linksmitunvollst?ndigerKompensation(schlaff)
1466,p,1999/9/15,1689,m,61,<Rekurrensparese>,Links,Zustanddanach,vollkommenerestitutioadintegrum
1399,p,1999/6/9,1751,m,72,<Rekurrensparese>,Links,mitVerdickunghinteresDrittel,mitphonatorischemStillstand;VerdachtaufCa!
1424,p,1999/6/30,1772,m,62,<Rekurrensparese>,Strumipriv,ohneKompensation
1434,p,1999/8/18,1781,m,70,<Kontaktpachydermie><Rekurrensparese>,Beiseitig,alte,mitkompensatorischerKontaktpachydermie,m??igeDysphonie,altersbedingteDyspnoe
1683,p,2000/5/17,1781,m,71,<Rekurrensparese>,Beidseitig,keineEigenbeweglichkeit,3.Aufn.(2.Aufn.nachGlottiserweiterung,ErweiterungNov.)
1555,p,1999/12/8,1865,m,62,<Rekurrensparese>,Dekompensiert,zwischenparamedianundintermedi?r,z.T.aphonisch
1601,p,2000/2/2,1902,m,56,<Rekurrensparese>,Rechts,mitausgepr?gtersupraglottischerKompensation
1662,p,2000/4/5,1902,m,56,<Rekurrensparese>,Rechts,beginnnendeKompensation
1630,p,2000/3/1,1929,m,75,<Rekurrensparese>,Komplett,re,ohnestroboskopischeRestbeweglichkeitbeiTumorverdacht
1638,p,2000/3/1,1932,m,56,<Rekurrensparese>,Rechtsbei?sophagus-CA
1641,p,2000/3/22,1942,m,63,<Rekurrensparese>,Links,nachBronchialtumor,beginnendeInnervationmitvereinzeltenAmplituden,z.Z.log.Therapie
1748,p,2000/6/21,1942,m,64,<Rekurrensparese>,Links,mitgegen?berVorbefunddeutlichverbesserterAmplitude
1671,p,2000/4/12,1970,m,30,<Rekurrensparese>,LinksmitunklarerGeneseundhyperfunktionellerKompensation;2.Aufnahmegemacht,beimDrehendesKopfesnachli,Qualit?tsverlustundkeineglottaleAnregungmehr(keinEGG)
1789,p,2000/9/6,2054,m,60,<Rekurrensparese>,Beidseitig
1818,p,2000/11/8,2083,m,59,<Rekurrensparese>,Idiopatische,re
1830,p,2000/11/22,2097,m,78,<Rekurrensparese>,Fastkomplettkompensiert
1832,p,2000/11/22,2100,m,62,<Rekurrensparese>,ZustandnachLungen-CamitfolgenderkompensierterRec.par.
2007,p,2001/5/2,2216,m,70,<Rekurrensparese>,MitguterKompensationnachStrumektomie
2009,p,2001/5/2,2219,m,63,<Rekurrensparese>,Re,mitbeginnenderKompensation
2341,p,2002/5/15,2246,m,26,<Rekurrensparese>,InkompletteKompensation
2058,p,2001/6/6,2247,m,25,<Rekurrensparese>,SchlaffmitwenigstroboskopischerRestbeweglichkeit
2148,p,2001/11/14,2345,m,23,<Rekurrensparese>,RecPar.inIntermedi?rstellung,keinestrob.Restbeweglichkeit
2152,p,2001/11/21,2349,m,51,<Dysphonie><Rekurrensparese>,AltekompensierteRec.Par.undfunktionelleDysphoniemiteherhypotonemSchwingungsbild
2182,p,2001/12/5,2359,m,70,<Rekurrensparese>,KomplettePareseliinKadaverstellung,keinestrobosk.Restbeweglichkeit,keineKompensation
2192,p,2001/12/12,2369,m,76,<Rekurrensparese>,Rechts,mitinkompletterKompensation
2235,p,2002/1/16,2396,m,58,<Rekurrensparese>,Links,schlaff,keineKompensation
2342,p,2002/5/15,2476,m,65,<Rekurrensparese>,Links,kompensiert
2346,p,2002/5/15,2480,m,46,<Rekurrensparese>,StrumipriveRec.par.limitguterRestbeweglichkeit
2393,p,2002/8/21,2527,m,63,<Rekurrensparese>,Re,zurZeitnochunklareGenese
2450,p,2002/11/20,2584,m,49,<Rekurrensparese>,Links,guteRestbeweglichkeit
2508,p,2003/10/29,2642,m,48,<Rekurrensparese>,Links,vollst?ndigeKompensation
2527,p,2003/11/19,2661,m,60,<Rekurrensparese>,OhneKompensation,links
2539,p,2003/11/26,2673,m,70,<Rekurrensparese>,Links,altevollkompensierteForm
2570,p,2004/3/3,2704,m,54,<Rekurrensparese>,Links,beginnendeKompensation
151,p,1998/2/11,81,w,60,<PsychogeneDysphonie>,
1335,p,1999/5/19,101,w,54,<HyperfunktionelleDysphonie><PsychogeneDysphonie>,Zweitaufnahme
366,p,1998/3/19,1351,w,51,<PsychogeneDysphonie>,PsychogeneDysphoniebeiSprechberuf
741,p,1998/5/28,1351,w,51,<PsychogeneDysphonie>,Ponogen
1051,p,1998/11/11,1402,w,29,<HyperfunktionelleDysphonie><PsychogeneDysphonie>,Zweitaufnahmenachlogop.Therapie
877,p,1998/7/15,1414,w,58,<PsychogeneDysphonie>,ZustandnachAbtragungmitNarbenbildung
848,p,1998/7/1,1447,w,50,<PsychogeneDysphonie>,Funktionell,kleineintraepitheleCyste
1951,p,2001/2/14,1499,w,52,<PsychogeneDysphonie>,
917,p,1998/9/9,1510,w,58,<PsychogeneDysphonie>,Ponogen;psychogeneDysphonie
1198,p,1999/1/6,1510,w,58,<PsychogeneDysphonie>,Ponogen
1053,p,1998/11/18,1551,w,37,<PsychogeneDysphonie>,Cervicogen,verl?ngertesSchwingungsbild
1266,p,1999/3/10,1653,w,47,<HyperfunktionelleDysphonie><PsychogeneDysphonie>,Leichte
1306,p,1999/4/21,1691,w,48,<PsychogeneDysphonie>,Stroboskopieo.B.
1322,p,1999/5/5,1699,w,51,<FunktionelleDysphonie><PsychogeneDysphonie>,Ponogen;2.AufnahmenachTherapie
1340,p,1999/5/19,1699,w,51,<Cyste><PsychogeneDysphonie>,ZustandnachAbtragung,stroboskopischhyperfunktionell;4.AufnahmenachTherapie
1421,p,1999/6/23,1699,w,51,<PsychogeneDysphonie>,Verlaufskontrolle;6.Aufnahme
1432,p,1999/8/11,1699,w,51,<FunktionelleDysphonie><PsychogeneDysphonie>,Verlaufskontrolle;6.Aufnahme
1931,p,2001/1/24,1699,w,52,<Cyste><PsychogeneDysphonie>,ZustandnachAbtragungderCysteliStimmlippevorca1Jahr,jetztglatteStimmlippemitleichterAsymmetrie
1319,p,1999/5/5,1705,w,39,<PsychogeneDysphonie>,Phonasthenie
1329,p,1999/5/12,1714,w,51,<PsychogeneDysphonie>,PsychogeneDysphonie
1566,p,2000/1/5,1714,w,52,<HyperfunktionelleDysphonie><PsychogeneDysphonie>,Mitakutexcavierterentz?ndlicherKomponente
2246,p,2002/1/23,1714,w,54,<PsychogeneDysphonie>,
1337,p,1999/5/19,1722,w,41,<PsychogeneDysphonie>,PsychogeneDysphonie
1593,p,2000/1/26,1893,w,60,<PsychogeneDysphonie>,ZustandnachpsychogenerAphonie
1661,p,2000/4/5,1961,w,56,<PsychogeneDysphonie>,Ponogen
1663,p,2000/4/5,1965,w,39,<PsychogeneDysphonie>,PsychogeneDysphonie
1673,p,2000/5/3,1973,w,49,<PsychogeneDysphonie>,MithyperfunktionellerKomponente
1675,p,2000/5/3,1976,w,40,<PsychogeneDysphonie>,PsychogeneDysphonie
1690,p,2000/5/24,1989,w,55,<HyperfunktionelleDysphonie><PsychogeneDysphonie>,Ponogen
1744,p,2000/6/14,2008,w,68,<HypotoneDysphonie><PsychogeneDysphonie>,HypotoneDysphonie+PsychogeneDysphonie
1767,p,2000/8/2,2032,w,57,<PsychogeneDysphonie>,Ponogen
1891,p,2000/12/13,2116,w,39,<HyperfunktionelleDysphonie><PsychogeneDysphonie>,
1900,p,2000/12/20,2124,w,52,<HyperfunktionelleDysphonie><PsychogeneDysphonie>,PonogeneKomponente
1910,p,2001/1/17,2132,w,26,<HyperfunktionelleDysphonie><PsychogeneDysphonie>,MitAphonie
1928,p,2001/1/24,2142,w,35,<N.laryngeussuperiorNeuralgie><PsychogeneDysphonie>,LeichtfunktionelleDysphonie
1958,p,2001/2/21,2168,w,24,<FunktionelleDysphonie><PsychogeneDysphonie>,LeichteForm
1959,p,2001/2/21,2169,w,41,<PsychogeneDysphonie>,
1964,p,2001/3/7,2174,w,46,<HyperfunktionelleDysphonie><PsychogeneDysphonie>,PonogenmitZustandnach3xKn?tchenabtragung,vernarbteStimml.mitwerdenderHyperfunktion
1988,p,2001/3/28,2198,w,49,<HyperfunktionelleDysphonie><PsychogeneDysphonie>,CervicogeneKomponente
2074,p,2001/8/1,2266,w,62,<Dysodie><PsychogeneDysphonie>,Funktionell
2085,p,2001/8/22,2276,w,38,<PsychogeneDysphonie>,Funktionell
2104,p,2001/9/5,2293,w,40,<HyperfunktionelleDysphonie><PsychogeneDysphonie>,
2107,p,2001/9/12,2296,w,44,<HyperfunktionelleDysphonie><PsychogeneDysphonie>,
2112,p,2001/9/12,2301,w,40,<FunktionelleDysphonie><Phonationskn?tchen><PsychogeneDysphonie><Reinke?dem>,
2123,p,2001/9/26,2312,w,18,<FunktionelleDysphonie><PsychogeneDysphonie>,S?ngerstimme
2134,p,2001/10/17,2323,w,27,<PsychogeneDysphonie>,
2533,p,2003/11/26,2336,w,63,<PsychogeneDysphonie>,
2310,p,2002/3/6,2444,w,46,<FunktionelleDysphonie><PsychogeneDysphonie>,
2312,p,2002/3/6,2446,w,36,<FunktionelleDysphonie><PsychogeneDysphonie>,
2317,p,2002/3/13,2451,w,54,<HyperfunktionelleDysphonie><PsychogeneDysphonie>,Multifaktoriell
2336,p,2002/5/8,2470,w,44,<FunktionelleDysphonie><PsychogeneDysphonie>,
2372,p,2002/7/3,2506,w,67,<PsychogeneDysphonie>,
2433,p,2002/10/30,2541,w,63,<PsychogeneDysphonie>,
2431,p,2002/10/30,2565,w,32,<FunktionelleDysphonie><PsychogeneDysphonie>,
2441,p,2002/11/6,2575,w,58,<PsychogeneDysphonie>,
2526,p,2003/11/19,2660,w,62,<HyperfunktionelleDysphonie><PsychogeneDysphonie>,
2528,p,2003/11/19,2662,w,67,<FunktionelleDysphonie><PsychogeneDysphonie>,
2534,p,2003/11/26,2668,w,62,<PsychogeneDysphonie>,
2535,p,2003/11/26,2669,w,64,<PsychogeneDysphonie>,
2577,p,2004/3/10,2711,w,47,<HyperfunktionelleDysphonie><PsychogeneDysphonie>,Multifaktoriell
1058,p,1998/11/18,1355,m,58,<PsychogeneDysphonie>,HypohyperfunktionellesSchwingungsbild,Lehrerdysphonie
823,p,1998/6/24,1435,m,49,<PsychogeneDysphonie>,Depression
911,p,1998/9/9,1503,m,28,<PsychogeneDysphonie>,Hypoton,entz?ndlicheKomponente
1042,p,1998/11/4,1538,m,47,<PsychogeneDysphonie>,Phonastetisch
1225,p,1999/1/27,1613,m,59,<PsychogeneDysphonie>,Funktionelle
1230,p,1999/1/27,1618,m,49,<FunktionelleDysphonie><PsychogeneDysphonie>,
1258,p,1999/3/3,1644,m,35,<FunktionelleDysphonie><PsychogeneDysphonie>,MitTendenzzurHyperfunktion
1568,p,2000/1/5,1875,m,43,<PsychogeneDysphonie>,MitN.laryngeussup.Beteiligung,HWS?
1904,p,2001/1/10,2127,m,58,<Diplophonie><PsychogeneDysphonie>,
2213,p,2001/12/19,2261,m,48,<PsychogeneDysphonie>,
2316,p,2002/3/13,2450,m,63,<PsychogeneDysphonie>,
2337,p,2002/5/8,2471,m,61,<PsychogeneDysphonie>,
2339,p,2002/5/8,2473,m,58,<PsychogeneDysphonie>,
2489,p,2003/6/4,2623,m,55,<Kontaktpachydermie><PsychogeneDysphonie>,
2520,p,2003/11/12,2654,m,55,<PsychogeneDysphonie>,Z.B.Balbuties
495,p,1998/4/1,142,w,54,<Dysphonie><Reinke?dem>,Reinke-?dembeids.,re>li;beginnendesKrankheitsbild
1057,p,1998/11/18,732,w,63,<Dysphonie>,Cervicogen,asymmetrischesSchwingungsbild
368,p,1998/3/19,1353,w,47,<Dysphonie>,FunktionelleponogeneDysphonie
445,p,1998/3/25,1354,w,27,<Dysphonie>,Z.B.hormonelleDysphoniemithyperfunktionellerEinschwingung
449,p,1998/3/25,1358,w,58,<Dysphonie>,Leichtephsychogene,phonasthetischm??igeDysphonie
451,p,1998/3/25,1360,w,56,<Dysphonie>,FunktionelleDsyphonie
494,p,1998/4/1,1366,w,30,<Dysphonie>,LeichtefunktionelleDysphoniebeiStimmberuf
674,p,1998/5/13,1401,w,41,<Dysphonie>,PostlaryngitischeDysphonie
872,p,1998/7/15,1468,w,40,<Dysphonie><Phonasthenie>,HyperfunktionelleDysphoniemitfunktionellerphonasthenischerDysphonie
2311,p,2002/3/6,1505,w,41,<Dysphonie>,PosttraumatischmitpsychogenerKomponente
1187,p,1998/12/16,1585,w,18,<Dysphonie>,Verdacht,Stroboskopieo.B.,engeArtikulation
1894,p,2000/12/13,1597,w,37,<Aryluxation><Dysphonie>,
1248,p,1999/2/24,1634,w,59,<Dysphonie><Laryngitis>,ChronischeLaryngitis.Sehrausgepr?gtbeiextrememfr?heremNikotinabusus,mehrals40/die
1312,p,1999/4/28,1699,w,51,<Dysphonie>,Ausgepr?gteForm,ZustandnachCystenabtragungrechteStimmlippeundReinke-?dem;OPCyste
1453,p,1999/9/8,1801,w,52,<Dysphonie><Reinke?dem>,Beidseitiges?demmithyperfunktionellerunvollst?ndigerKompensation
1633,p,2000/3/1,1933,w,59,<Dysphonie>,Leichtefunktionelle
1636,p,2000/3/1,1936,w,73,<Dysphonie><Voxsenilis>,Dyskoordination
2366,p,2002/6/19,2019,w,61,<Dysphonie>,Ponogen
1833,p,2000/11/22,2102,w,53,<Dysphonie>,Multifaktoriell,cervicogen
2119,p,2001/9/26,2213,w,70,<Dysphonie>,BeiZustandnachPolyp/Granulationsabtragung
2019,p,2001/5/16,2226,w,23,<Dysphonie>,ZustandnachVagusneurinomextirpation
2087,p,2001/8/22,2266,w,62,<Dysphonie>,MultifaktorielleDysphoniebeichron.Asthmamitspray-Nebenwirkungen
2097,p,2001/8/29,2283,w,30,<Dysphonie><Laryngitis><Voxsenilis>,Chron.Laryngitis
2118,p,2001/9/19,2303,w,44,<Dysphonie><Reinke?dem>,Organisch-funktionelleDysphonie,ponogeneBelastung
2117,p,2001/9/19,2307,w,51,<Dysphonie>,Ponogenundphonasthetisch
2127,p,2001/9/26,2316,w,27,<Dysphonie>,Ponogen-psychogenmitpsychisch-manischerKomponente
2596,p,2004/4/28,2336,w,64,<Dysphonie><Voxsenilis>,FunktionelleDysphonie,Voxsenilisbeginnend
2147,p,2001/11/14,2344,w,41,<Dysphonie>,MultifaktoriellefunktionelleDysphoniemitTendenzzurHyperfunktion
2217,p,2001/12/19,2378,w,40,<Dysphonie>,Multifaktoriell
2238,p,2002/1/16,2399,w,31,<Dysphonie>,OrganischeFormmitSynechievordereKommissur
2422,p,2002/9/25,2399,w,31,<Dysphonie>,Organisch;Synechie,ZustandnachmehrerenPapillomabtragungen
2333,p,2002/5/8,2467,w,31,<Dysphonie><Reinke?dem>,FunktionelleDysphonie,ZustandnachReinke-?dem-Abtragung
2347,p,2002/5/22,2481,w,28,<Dysphonie>,Multifaktoriell,ponogen
2350,p,2002/5/22,2484,w,34,<Dysphonie>,Multifunktionell
2369,p,2002/7/3,2503,w,65,<Dysphonie>,Multifaktoriell
2388,p,2002/8/14,2522,w,66,<Dysphonie>,FunktionelleDysphonie,beginnendeAltersstimme
2389,p,2002/8/14,2523,w,51,<Dysphonie>,Ponogen,multifaktoriell
2391,p,2002/8/21,2525,w,66,<Dysphonie>,Psychogen
2392,p,2002/8/21,2526,w,73,<Dysphonie>,FunktionelleDysphonie
2537,p,2003/11/26,2582,w,58,<Dysphonie>,
2544,p,2003/12/3,2678,w,50,<Dysphonie>,Zustandnach?demabtragung
2583,p,2004/3/24,2717,w,36,<Dysphonie>,Ponogen,multifaktoriell
2607,p,2004/5/19,2733,w,26,<Dysphonie>,Multifaktoriell
2120,p,2001/9/26,1307,m,66,<Dysphonie><Laryngitis>,ChronischeLaryngitismitstarkerSchleimansammlungumdenKehlkopf
446,p,1998/3/25,1355,m,57,<Dysphonie><Kontaktpachydermie>,MultifaktorielleponogeneDysphonie(HWS-Reflex?),beginnendeKontaktpachydermie
742,p,1998/5/29,1425,m,43,<Dysphonie><Stimmlippenkarzinom>,VerdachtaufStimmlippentumormitbeginnendemphonatorischemSillstand
916,p,1998/9/9,1509,m,77,<Dysphonie>,Bewegungseinschr?nkunglinkeStimmlippe
925,p,1998/9/16,1517,m,58,<Dysphonie>,Ausgepr?gtponogen,sekund?rhypo-hyperfunktionell
1086,p,1998/11/25,1559,m,73,<Dysphonie>,NochleichteBewegungseinschr?nkungderlinkenStimmlippenachThoraxtraumaundNotintubation
1194,p,1999/1/6,1590,m,21,<Dysphonie>,LediglichetwasSchleim,sonstunauff?lligeStimme
1250,p,1999/2/24,1636,m,72,<Dysphonie>,Ausgepr?gtasymmetrischerKehlkopf,Vorw?lbungdesSinusMorgagnire,keinAnhaltaufLaryngozele,VerdachtaufAortenaneurisma
1387,p,1999/6/2,1736,m,47,<Dysphonie><MorbusDown>,MorbusDown+Dysphonie
1455,p,1999/9/8,1803,m,51,<Dysphonie>,Ponogen;DD:zentraldegenerativeSystemerkrankung?
1457,p,1999/9/8,1805,m,50,<Dysphonie>,Ponogen
2384,p,2002/8/14,1805,m,53,<Dysphonie><Kontaktpachydermie>,Multifaktoriell,ponogen
1657,p,2000/4/5,1879,m,58,<Dysphonie>,Ponogen,mitpsychischerKomponente
1580,p,2000/1/12,1887,m,75,<Dysphonie><MorbusParkinson>,HypotoneKomponente,(voxsenilis)
1597,p,2000/1/26,1897,m,28,<Dysphonie>,Ponogen,ZustandnachInfekt,ausgebildeteSprechstimme(Schauspieler)
1718,p,2000/6/7,2002,m,60,<Dysphonie>,BeiVerdachtaufLeukoplakie,R2H2B2;1.Aufn.pr?OP,OPam08.06.00
1751,p,2000/6/28,2015,m,16,<Dysphonie>,Dysphonie
1768,p,2000/8/2,2033,m,48,<Dysphonie>,Ausgepr?gteFormbeiVerdachtaufdurchgebrochenesHypopharynx-Ca
1984,p,2001/3/21,2194,m,71,<Dysphonie>,ausgepr?gtesPapillomli;Taschenfaltenstimme
2000,p,2001/4/4,2209,m,41,<Dysphonie>,Transsexuell
2091,p,2001/8/29,2216,m,70,<Dysphonie><Leukoplakie>,Zustandn.Leukoplakiemitm??igerDysphonie,asymmetrischesSchwingungsbild
2016,p,2001/5/9,2224,m,52,<Dysphonie>,ZustandnachApoplexmitSprechapraxie
2028,p,2001/5/23,2236,m,36,<Dysphonie><Laryngitis>,LeichteFormderLaryngitismitm??igerDysphonie
2126,p,2001/9/26,2315,m,65,<Dysphonie><Laryngitis>,ChronischeLaryngitismithyperfunktionellerKomponente
2152,p,2001/11/21,2349,m,51,<Dysphonie><Rekurrensparese>,AltekompensierteRec.Par.undfunktionelleDysphoniemiteherhypotonemSchwingungsbild
2154,p,2001/11/21,2351,m,48,<Dysphonie><Kontaktpachydermie>,FunktionelleDysphoniemitKontaktpachydermieohneKontaktpachydermie
2219,p,2002/1/2,2380,m,62,<Dysphonie><Laryngitis>,Laryngitisklingtab
2226,p,2002/1/9,2387,m,71,<Chordektomie><Dysphonie>,NachCordektomie
2323,p,2002/3/13,2457,m,59,<Dysphonie>,Multifaktoriellponogen
2325,p,2002/4/17,2459,m,71,<Dysphonie>,FunktionelleDysphonie
2348,p,2002/5/22,2482,m,44,<Dysphonie>,Postlaryngitisch
2456,p,2002/12/4,2534,m,66,<Dysphonie><FrontolateraleTeilresektion>,Organisch;ZustandnachResektion
2401,p,2002/9/4,2535,m,49,<Dysphonie><Kontaktpachydermie>,Funktionellpsychogen;Kontaktpachydermie
2436,p,2002/10/30,2570,m,75,<Dysphonie>,
2461,p,2003/1/8,2595,m,37,<Dysphonie>,Organisch,ZustandnachAbtragung,Entz?ndunglinks,beginnenderphonatorischerStillstandlinks
2575,p,2004/3/10,2601,m,72,<Chordektomie><Dysphonie>,OrganischeDysphonienachChordektomie,m??igeHyperfunktion
2488,p,2003/6/4,2622,m,54,<Dysphonie>,Organisch,mitVerdachtaufStimmbandpolyp
2530,p,2003/11/19,2664,m,11,<Dysphonie>,JuvenileForm,VerdachtaufPhonationskn?tchen
2559,p,2003/12/17,2693,m,36,<Dysphonie>,Prim?rLymphom,Zungengrund,starkesupraglottischeEinengung
495,p,1998/4/1,142,w,54,<Dysphonie><Reinke?dem>,Reinke-?dembeids.,re>li;beginnendesKrankheitsbild
889,p,1998/7/22,1340,w,59,<HyperfunktionelleDysphonie><Reinke?dem>,R?ckl?ufig
1090,p,1998/11/25,1340,w,59,<HyperfunktionelleDysphonie><Reinke?dem>,ZustandnachAbtragung
564,p,1998/4/29,1381,w,46,<Reinke?dem>,Reinke-?demli,Rezidiv,ZustandnachOP;sehrunregelm??igeStimmlippenschwingungen
627,p,1998/5/6,1383,w,45,<Reinke?dem><Rekurrensparese>,LinksmitKompensation;Reinke-?dembeidseitig,relativausgepr?gt
630,p,1998/5/6,1386,w,64,<Reinke?dem>,BeidseitigesReinke-?dem
1206,p,1999/1/13,1386,w,65,<Reinke?dem><Rekurrensparese>,Rec.par.linksundReinke-?dembeidseitig
1721,p,2000/6/7,1475,w,58,<Reinke?dem>,ZustandnachAbtragung
886,p,1998/7/22,1480,w,50,<Laryngitis><Reinke?dem>,Beidseitigausgepr?gt,Flatterschwingungen
901,p,1998/9/2,1494,w,47,<Reinke?dem><SpasmodischeDysphonie>,VerdachtaufspasmodischeDysphoniemitbeidseitigemReinke-?dem
1045,p,1998/11/11,1541,w,34,<Reinke?dem>,ZustandnachAbtragung,beidseitigvoretwa14Tagen,nochschwereDysphonie
1056,p,1998/11/18,1541,w,34,<Reinke?dem>,ZustandnachSt?tze,leichteR?tungundSchwellung,sehrunregelm??igesSchwingungsbild
1046,p,1998/11/11,1542,w,47,<Laryngitis><Reinke?dem>,BeidseitigesReinke-?dem,chronischeLaryngitis
1221,p,1999/1/20,1550,w,32,<Laryngitis><Reinke?dem>,ZustandnachAbtragungeinesReinke-?dems,leichtexkavierteStimmlippe
1229,p,1999/1/27,1617,w,37,<Laryngitis><Reinke?dem>,Beidseitig,Dysphonie
1253,p,1999/2/24,1639,w,43,<Reinke?dem>,BeidseitigmittieferStimmlage
1382,p,1999/5/26,1733,w,48,<Reinke?dem><Rekurrensparese>,Altelinks,beidseitigesReinke-?dem
1563,p,1999/12/15,1733,w,49,<Reinke?dem>,Rezidivlinks;Pr?-OP
1436,p,1999/8/18,1785,w,65,<Laryngitis><Reinke?dem>,Chronische,ZustandnachAbtragungdes?dems,zudemalteRekurrenspareselinks
1453,p,1999/9/8,1801,w,52,<Dysphonie><Reinke?dem>,Beidseitiges?demmithyperfunktionellerunvollst?ndigerKompensation
1462,p,1999/9/15,1808,w,43,<HyperfunktionelleDysphonie><Reinke?dem>,Beidseitig
1500,p,1999/11/24,1846,w,73,<HyperfunktionelleDysphonie><Reinke?dem>,ZustandnachAbtragung
1610,p,2000/2/9,1910,w,44,<Laryngitis><Reinke?dem>,Beidseitig,beginnend,Laryngitischronisch
1778,p,2000/8/9,1966,w,53,<HyperfunktionelleDysphonie><Reinke?dem>,ZusandnachAbtragung
1717,p,2000/6/7,2001,w,61,<Reinke?dem>,Beidseitig,ausgepr?gteDysphonie,R1,H2,B0
2491,p,2003/6/4,2001,w,64,<Reinke?dem><Rekurrensparese>,ZustandnachAbtragung;kompensiertePareserechts
1811,p,2000/10/25,2078,w,71,<Reinke?dem>,ZustandnachAbtragungmitbeidseitigausgepr?gtemstarremSchwingungsbild,event.Laryngitis,hyperfunktionelleKomponente
1828,p,2000/11/22,2078,w,72,<Reinke?dem>,ZustandnachAbtragungmitstarrenStimmlippenundfaststrob.Stillstand;28.Aug.OP,2.AufnahmenachAbtragung
1946,p,2001/2/7,2078,w,72,<Reinke?dem>,ZustandnachAbtragung,OPam28.08.00
2031,p,2001/5/30,2078,w,72,<Reinke?dem>,ZustandnachAbtragungimAug.00
2271,p,2002/2/6,2078,w,73,<Reinke?dem>,ZustandnachAbtragung
1941,p,2001/2/7,2153,w,67,<Cyste><Reinke?dem>,Intraepithelisch
2098,p,2001/8/29,2281,w,61,<Reinke?dem>,BeginnendeForm
2110,p,2001/9/12,2299,w,77,<Laryngitis><Reinke?dem><Voxsenilis>,Laryngitisistchronischmitbds.beginnendemReinke-?dem,Nikotinabusus
2112,p,2001/9/12,2301,w,40,<FunktionelleDysphonie><Phonationskn?tchen><PsychogeneDysphonie><Reinke?dem>,
2118,p,2001/9/19,2303,w,44,<Dysphonie><Reinke?dem>,Organisch-funktionelleDysphonie,ponogeneBelastung
2595,p,2004/4/28,2335,w,43,<Reinke?dem>,Zustandnach?demabtragung,Komplikation:Zungengrundschwellung
2161,p,2001/11/21,2358,w,42,<Reinke?dem>,Ausgepr?gteFormbeidseitigmitstarkvertieftermittlererSprechstimmlagevorOP
2188,p,2001/12/5,2358,w,42,<Reinke?dem>,ZustandnachAbtragungmitRest?demre
2358,p,2002/6/12,2420,w,73,<Reinke?dem>,ZustandnachAbtragung
2518,p,2003/11/12,2434,w,64,<Reinke?dem><Stimmlippenpolyp>,
2333,p,2002/5/8,2467,w,31,<Dysphonie><Reinke?dem>,FunktionelleDysphonie,ZustandnachReinke-?dem-Abtragung
2345,p,2002/5/15,2479,w,45,<Reinke?dem>,Links
2375,p,2002/8/7,2509,w,52,<Reinke?dem>,Zustandnach?demabtragung,rezidivbeidseitig
2381,p,2002/8/7,2515,w,47,<Reinke?dem>,Zustandnach?demabtragung
2411,p,2002/9/18,2545,w,59,<Reinke?dem>,ZustandnachAbtragung,Restdysphonie
2426,p,2002/10/2,2560,w,45,<Reinke?dem>,Beidseitig
2588,p,2004/4/21,2722,w,45,<Laryngitis><Reinke?dem>,ChronischeFormderLaryngitis,?demrechts
2591,p,2004/4/21,2725,w,41,<HyperfunktionelleDysphonie><Reinke?dem>,ZustandnachAbtragung
821,p,1998/6/24,1433,m,56,<Reinke?dem>,ZustandnachSt?tzebeirezidivierendemReinke-?dem
1572,p,2000/1/5,1879,m,58,<Reinke?dem>,Rechts,ZustandnachAbtragung,sehrunregelm??igeKonfiguration,alteRec.par.links
1963,p,2001/3/7,2172,m,65,<Reinke?dem>,ZustandnachAbtragungmitnochasymmetrischemSchwingungsbild
2089,p,2001/8/22,2278,m,63,<Reinke?dem><Taschenfaltenhyperplasie>,Ausgepr?gteFormdesReinke-?demsremitFlatterschwingungen
2594,p,2004/4/28,2333,m,61,<Reinke?dem>,LeichteHyperfunktion
2305,p,2002/3/6,2439,m,66,<Laryngitis><Reinke?dem>,ChronischhyperplastischeLaryngitismitbeids.Reinke-?dem
2344,p,2002/5/15,2478,m,52,<Reinke?dem>,ZustandnachAbtragung
498,p,1998/4/22,1369,w,26,<Laryngitis>,ChronischeLaryngitis;beideStimmlippenleicht?demat?s,leichteHyperfunktion
568,p,1998/4/29,1379,w,59,<Laryngitis>,?berlagerteLaryngitis,z.B.N.laryngeussuperiorNeuralgie
715,p,1998/5/20,1407,w,63,<Laryngitis><Leukoplakie>,ChronischeLaryngitis,Leukoplakie,ZustandnachSt?tze(2x),vernarbtesrechtesStimmband
819,p,1998/6/10,1431,w,38,<HyperfunktionelleDysphonie><Laryngitis>,Ausgepr?gteHyperfunktionmitlaryngitischerKomponeneteundPhonationsverdickung
828,p,1998/6/24,1440,w,50,<Laryngitis><Monochorditis>,Chronischhyperplastisch,Monochorditisrechts
844,p,1998/7/1,1443,w,12,<Laryngitis>,BeikindlichjungendlicherStimme,Mutatio?
871,p,1998/7/15,1467,w,59,<Laryngitis>,DysphoniebeiabklingenderLaryngitis
931,p,1998/10/7,1523,w,52,<Laryngitis>,Ponogen
1046,p,1998/11/11,1542,w,47,<Laryngitis><Reinke?dem>,BeidseitigesReinke-?dem,chronischeLaryngitis
1047,p,1998/11/11,1543,w,54,<Epiglottiskarzinom><Laryngitis>,Chronische,Stimmlippenbeidseitigfrei
1221,p,1999/1/20,1550,w,32,<Laryngitis><Reinke?dem>,ZustandnachAbtragungeinesReinke-?dems,leichtexkavierteStimmlippe
1119,p,1998/12/2,1570,w,62,<Laryngitis>,Mitausgepr?gterDysphonie
1192,p,1998/12/16,1570,w,62,<Laryngitis>,DeutlicheVerbesserung
1188,p,1998/12/16,1587,w,28,<Laryngitis><Stimmlippenpolyp>,Chronische,hyperplastisch,mitunregelm??igemSchwingungsbild,keinRezidivbeiZustandnachPloypabtragung
1228,p,1999/1/27,1616,w,47,<Laryngitis>,Chronische
1447,p,1999/8/25,1617,w,38,<Laryngitis><Reinke?dem>,Chronische,hyperplastisch,R?ckbildungdes?dems,Verlaufskontrolle,Vorbefundevorhanden
1233,p,1999/2/3,1619,w,43,<Laryngitis>,Chronischemit?demat?senStimmlippen
1248,p,1999/2/24,1634,w,59,<Dysphonie><Laryngitis>,ChronischeLaryngitis.Sehrausgepr?gtbeiextrememfr?heremNikotinabusus,mehrals40/die
1257,p,1999/3/3,1643,w,32,<Laryngitis>,Chronische
1260,p,1999/3/3,1649,w,30,<Laryngitis>,TendenzzurHyperfunktion,Gesangst?tigkeit
1265,p,1999/3/10,1652,w,49,<Laryngitis>,Chronische
1295,p,1999/4/14,1680,w,41,<Laryngitis>,Subakut,asymmetrischesSchwingungsbild
1300,p,1999/4/21,1685,w,30,<Laryngitis>,Subakutemitsehrunregelm??igemSchwingungsbild
1404,p,1999/6/16,1755,w,59,<Laryngitis>,Chronische
1405,p,1999/6/16,1756,w,36,<Laryngitis><Leukoplakie>,Chronische,stroboskopischunregelm??igesSchwingungsbild
1440,p,1999/8/18,1756,w,36,<Laryngitis>,Chronische,ausgepr?gt
1418,p,1999/6/23,1771,w,68,<Laryngitis><Rekurrensparese>,OhneKompensationlinks,keinestroboskopischeRestbeweglichkeit,ChronischeLaryngitis
1436,p,1999/8/18,1785,w,65,<Laryngitis><Reinke?dem>,Chronische,ZustandnachAbtragungdes?dems,zudemalteRekurrenspareselinks
1591,p,2000/1/26,1891,w,49,<HyperfunktionelleDysphonie><Laryngitis>,Beginnend,Laryngitischronisch,Nikotinabusus
1610,p,2000/2/9,1910,w,44,<Laryngitis><Reinke?dem>,Beidseitig,beginnend,Laryngitischronisch
1806,p,2000/10/18,2072,w,27,<Laryngitis>,Chronische,mitzarterLeukoplakie;R2B0H2
1965,p,2001/3/7,2175,w,68,<Laryngitis>,Subakutmitstrobosk.sehrunregelm??igemSchwingungsbild
2012,p,2001/5/9,2220,w,49,<HyperfunktionelleDysphonie><Laryngitis>,ChronischeLaryngitisundausgepr?gtehyperf.Dysphonie
2021,p,2001/5/16,2228,w,51,<Laryngitis>,Ausgepr?gtechronischeForm
2079,p,2001/8/8,2272,w,26,<Laryngitis><Leukoplakie>,Ausgpr?gtchron.LaryngitismitLeukoplakie
2097,p,2001/8/29,2283,w,30,<Dysphonie><Laryngitis><Voxsenilis>,Chron.Laryngitis
2110,p,2001/9/12,2299,w,77,<Laryngitis><Reinke?dem><Voxsenilis>,Laryngitisistchronischmitbds.beginnendemReinke-?dem,Nikotinabusus
2128,p,2001/9/26,2317,w,63,<Laryngitis>,ChronischeFormderLaryngitis;ZustandnachSt?tze
2242,p,2002/1/23,2403,w,35,<Laryngitis><Leukoplakie>,ZustandnachAbtragung,chronischeLaryngitis
2370,p,2002/7/3,2504,w,48,<HyperfunktionelleDysphonie><Laryngitis><Leukoplakie>,ChronischeLaryngitisZustandn.Leukoplakieabtragung,leichteHyperfunktion
2510,p,2003/11/5,2644,w,39,<Laryngitis>,ChronischeLaryngitismithyperfunktionellerKomponente
2514,p,2003/11/5,2648,w,49,<Laryngitis>,Chronisch,leichte?demebeidseitigmitHyperfunktion
2516,p,2003/11/5,2650,w,54,<Laryngitis>,Links
2578,p,2004/3/17,2712,w,44,<Laryngitis>,Chronischhyperplastisch
2588,p,2004/4/21,2722,w,45,<Laryngitis><Reinke?dem>,ChronischeFormderLaryngitis,?demrechts
2602,p,2004/5/12,2728,w,60,<Laryngitis>,ChronischeForm,mitausgepr?gterUnregelm??igkeitindenSchwingungen
2610,p,2004/6/16,2736,w,73,<Laryngitis>,ChronischeLaryngitisgastrica?
107,p,1998/1/21,1304,m,60,<Laryngitis>,ChronischtrockeneLaryngitismitInteraryschwellung
2120,p,2001/9/26,1307,m,66,<Dysphonie><Laryngitis>,ChronischeLaryngitismitstarkerSchleimansammlungumdenKehlkopf
1269,p,1999/3/10,1311,m,58,<Laryngitis>,Chronische
1614,p,2000/2/16,1311,m,59,<Laryngitis>,ChronischeLaryngitis,Verlaufskontrolle
1930,p,2001/1/24,1311,m,60,<Laryngitis>,ChronischeFormmitstarkasymmetrischemSchwingungsbild
2296,p,2002/2/27,1311,m,61,<Laryngitis>,Chronisch
1780,p,2000/8/9,1314,m,56,<Kontaktpachydermie><Laryngitis>,LaryngitisgastricaundHypotonie
493,p,1998/4/1,1365,m,37,<Laryngitis>,Laryngitis
497,p,1998/4/22,1368,m,39,<Laryngitis><Leukoplakie>,LeukoplakiebeidseitigbeichronischerLaryngitis
563,p,1998/4/29,1378,m,28,<Laryngitis>,AusgebildeteGesangsstimmemitlaryngitischem?dem
818,p,1998/6/10,1430,m,72,<Laryngitis><Voxsenilis>,MultikausaleStimmst?rung,Laryngitis,voxsenilis,Schwerh?rigkeit
824,p,1998/6/24,1436,m,16,<Laryngitis>,ChronischeLaryngitis,inkompletteMutatio
884,p,1998/7/22,1478,m,71,<Laryngitis><Leukoplakie>,Ausgepr?gt,mitbeginnendemlinkemphonatorischemStillstand
902,p,1998/9/2,1495,m,68,<Laryngitis><Leukoplakie>,Chronischhyperplastischmit?demat?serSchleimhautundLeukoplakielinks,keinphonatorischerStillstand
918,p,1998/9/9,1495,m,68,<Laryngitis>,Chronischhyperplastisch
1554,p,1999/12/8,1498,m,50,<Laryngitis>,ChronischeLaryngitismithypotonemunregelm??igemSchwingungsbild
910,p,1998/9/9,1502,m,40,<Kontaktpachydermie><Laryngitis>,OhneKontaktpachydermie,m??igdysplastischerKehlkopf
930,p,1998/10/7,1522,m,22,<Balbuties><Laryngitis>,AkuteLaryngitis
935,p,1998/10/14,1527,m,32,<Laryngitis><Leukoplakie>,Ausgepr?gtchronischmitLeukoplakie,starkasymmetrischverk?rzteAmplituden
1161,p,1998/12/9,1578,m,33,<Laryngitis>,Chronische,ausgepr?gt
1235,p,1999/2/3,1621,m,53,<Laryngitis>,Akute,mitAuflagerungen
1246,p,1999/2/17,1621,m,53,<Laryngitis>,AbklingendebeichronischerLaryngitis
1237,p,1999/2/3,1623,m,45,<Laryngitis>,Akutemitma?ivem?dem
1264,p,1999/3/3,1646,m,65,<Laryngitis>,BeideStimmlippenmitgleichm??igemSchweregrad;Aryregionleichtger?tet;z.B.Carotisdysregulation
1283,p,1999/3/24,1669,m,36,<Laryngitis>,Chronische,unregelm??igesSchwingungsbild
1301,p,1999/4/21,1686,m,60,<Laryngitis>,SubakuteForm
1307,p,1999/4/21,1692,m,48,<Laryngitis>,Ausgepr?gtechronischeForm
1315,p,1999/4/29,1693,m,57,<Laryngitis>,Ausgepr?gtechronischeForm,sehrunregelm??igesSchwingungsbild,Taschenfaltenbeteiligung
1414,p,1999/6/23,1765,m,60,<Laryngitis>,Chronische
1426,p,1999/6/30,1776,m,46,<Laryngitis>,Chronische,hyperplastisch
1456,p,1999/9/8,1804,m,22,<Laryngitis>,Subakut,mitasymmetrischemSchwingungsbild
1578,p,2000/1/12,1884,m,45,<Laryngitis>,Sicca,ausgepr?gt,mitFibrin,keinphonatorischerStillstand
1599,p,2000/2/2,1899,m,32,<Laryngitis><Leukoplakie>,Zustanddanach,jetztpraktischvollkommenzur?ckgebildet
1613,p,2000/2/9,1913,m,36,<Laryngitis><Leukoplakie>,ChronischeLaryngitis;Diplophonie,Frequenzperturbationen
1617,p,2000/2/16,1917,m,58,<Laryngitis><Leukoplakie>,ChronischeLaryngitis,ohnestroboskop.Stillstand
1629,p,2000/2/23,1928,m,51,<Laryngitis><Leukoplakie>,Chronische,Nikotinabusus,keinphonatorischerStillstand
1665,p,2000/4/5,1928,m,51,<Laryngitis><Leukoplakie>,Chronischemitbeids.Leukoplakie
2351,p,2002/5/22,1931,m,59,<Laryngitis><Leukoplakie>,OrganischeDysphoniebeichronLaryngitisundZustandn.Leukoplakieabtragung
1783,p,2000/8/16,2049,m,55,<Laryngitis><Leukoplakie>,ChronischeLaryngitism.Leukoplakie,keinphonatorischerStillstand
1973,p,2001/3/14,2183,m,59,<Laryngitis>,ChronischhyperplastischeFormmit?demat?senStimmlippenundunregelm??igemSchwingungsbild
1978,p,2001/3/14,2189,m,52,<HyperfunktionelleDysphonie><Laryngitis>,Ausgepr?gteForm
1987,p,2001/3/28,2197,m,48,<Laryngitis><Leukoplakie>,ChronischeLaryng.;AsymmetrienachLeukoplakieabtragung
2003,p,2001/4/4,2212,m,77,<Laryngitis><Voxsenilis>,Laryngitissubglottisch
2028,p,2001/5/23,2236,m,36,<Dysphonie><Laryngitis>,LeichteFormderLaryngitismitm??igerDysphonie
2075,p,2001/8/1,2267,m,54,<Laryngitis><Leukoplakie>,Leukoplakieli,ohnephonatorischenStillstand;chron.Laryng.
2101,p,2001/9/5,2290,m,41,<Laryngitis><Leukoplakie>,Chron.Laryngitismitbeids.Leukoplakie,re>li
2126,p,2001/9/26,2315,m,65,<Dysphonie><Laryngitis>,ChronischeLaryngitismithyperfunktionellerKomponente
2219,p,2002/1/2,2380,m,62,<Dysphonie><Laryngitis>,Laryngitisklingtab
2301,p,2002/2/27,2435,m,47,<Laryngitis>,ChronischeForm
2305,p,2002/3/6,2439,m,66,<Laryngitis><Reinke?dem>,ChronischhyperplastischeLaryngitismitbeids.Reinke-?dem
2321,p,2002/3/13,2455,m,60,<Laryngitis>,ChronischeForm
2328,p,2002/4/24,2462,m,64,<Laryngitis>,Chronische
2404,p,2002/9/4,2538,m,52,<Laryngitis>,Chronisch;Zustandnach2xSt?tze;VerdachtaufphonatorischenStillstandre
2424,p,2002/10/2,2558,m,50,<Laryngitis>,Chronisch
2435,p,2002/10/30,2569,m,56,<Laryngitis>,Chronisch
2511,p,2003/11/5,2645,m,54,<Laryngitis>,Chronisch
2521,p,2003/11/12,2655,m,51,<HyperfunktionelleDysphonie><Laryngitis>,ChronischeLaryngitis;organischehyperfunktionelleDysphonie
2525,p,2003/11/19,2659,m,70,<Laryngitis><Stimmlippenpolyp>,ChronischeLaryngitis,ZustandnachPolypabtragung
2541,p,2003/12/3,2675,m,62,<Laryngitis>,Chronisch
2542,p,2003/12/3,2676,m,54,<Laryngitis>,AkuteFormderLaryngitis
2556,p,2003/12/17,2689,m,63,<Laryngitis><Leukoplakie>,ChronischeForm
2555,p,2003/12/17,2691,m,52,<Kontaktpachydermie><Laryngitis>,ChronischeForm,ZustandnachSt?tze
2567,p,2004/3/3,2701,m,70,<Laryngitis>,Chronische,verst?rkteAdduktion
2585,p,2004/3/31,2719,m,62,<Laryngitis>,ChronischeForm
2600,p,2004/5/5,2726,m,43,<Laryngitis>,ChronischeForm
2605,p,2004/5/12,2731,m,59,<Laryngitis>,ChronischeFormmitphonatorischemStillstandli
562,p,1998/4/29,1377,w,54,<Stimmlippenpolyp>,ZustandnachAbtragungeinesGranulationspolypen;Taschenbandlinksvorgew?lbt
720,p,1998/5/27,1412,w,68,<Reinke?dem><Stimmlippenpolyp>,ZustandnachAbtragungeinesgro?enReinke-?dems+Stimmlippenpolyp,etwasunregelm??igerVerlauf
859,p,1998/7/8,1459,w,53,<Rekurrensparese><Stimmlippenpolyp>,FrischerZustandnachGranulationspolypabtragungbeiRekurrenspareselinks,unvollst?ndigeKompensation
932,p,1998/10/7,1524,w,61,<Stimmlippenpolyp>,HinteresDrittel,Stroboskopieo.B.,Stimmerelativeuphon
1052,p,1998/11/18,1550,w,32,<Stimmlippenpolyp>,Links
1164,p,1998/12/9,1550,w,32,<Stimmlippenpolyp>,ZustandnachAbtragungeinesgro?enPolypenlinks,breithalsig,jetztFibrinbel?ge,unregelm??igeKonfiguration
1188,p,1998/12/16,1587,w,28,<Laryngitis><Stimmlippenpolyp>,Chronische,hyperplastisch,mitunregelm??igemSchwingungsbild,keinRezidivbeiZustandnachPloypabtragung
1890,p,2000/12/13,2115,w,42,<Reinke?dem><Stimmlippenpolyp>,ZustandnachzweimaligerAbtragungdesPolypen;jetztReinke-?demli,eventuellPolypre
1957,p,2001/2/21,2167,w,42,<Stimmlippenpolyp>,Gro?er,reStimmlippe
2005,p,2001/5/2,2213,w,70,<Stimmlippenpolyp>,ZustandnachAbtragungam24.4.01
2056,p,2001/6/6,2245,w,52,<Stimmlippenpolyp>,Links,ohnestroboskopischenStillstand
2090,p,2001/8/22,2279,w,41,<HyperfunktionelleDysphonie><Stimmlippenpolyp>,Sekund?reHyperfunktion
2303,p,2002/3/6,2420,w,73,<FunktionelleDysphonie><Stimmlippenpolyp><Voxsenilis>,ZustandnachAbtragungdesPolyps
2300,p,2002/2/27,2434,w,63,<Stimmlippenpolyp>,
2518,p,2003/11/12,2434,w,64,<Reinke?dem><Stimmlippenpolyp>,
109,p,1998/1/21,1306,m,50,<Stimmlippenpolyp>,ZustandnachSt?tzeundPolypabtragung;Stimmlippenstehenasymmetrisch
131,p,1998/1/29,1317,m,48,<Phonationskn?tchen><Stimmlippenpolyp>,VerdachtaufPhonationskn?tchenoderPolyprechtsimvorderenDrittelvorAbtragung,keinephonatorischeEinschr?nkung
491,p,1998/4/1,1363,m,78,<Chordektomie><Stimmlippenpolyp>,ZustandnachChordektomiemitRezidiv-GranulationspolypinvordererKommissur
504,p,1998/4/22,1363,m,78,<Chordektomie><Stimmlippenpolyp>,ZustandnachChordektomie,kleineSynechie,ZustandnachGranulationspolyp
501,p,1998/4/22,1374,m,63,<Stimmlippenpolyp>,EventuellkleinersubglottischerPolyprechts
895,p,1998/8/26,1454,m,30,<Kontaktpachydermie><Stimmlippenpolyp>,ZustandnachAbtragung,gro?esRezidivlinks,hinteresDrittel,stroboskopischeherweitesSchwingungsbild
1157,p,1998/12/9,1574,m,60,<Stimmlippenpolyp>,ZustandnachAbtragung,jetzteuphon
1386,p,1999/6/2,1734,m,68,<Stimmlippenpolyp><Taschenfaltenhyperplasie>,Polypwenigerglattbegrenzt;Hyperplasiere>li
1389,p,1999/6/2,1741,m,57,<Stimmlippenpolyp>,FrischerZustandnachAbtragung,OPam26.5.99
1433,p,1999/8/11,1741,m,57,<Stimmlippenpolyp>,ZustandnachAbtragung,VerdachtaufRezidivmitausgepr?gterDysphonie;2.Aufnahme
1525,p,1999/11/26,1850,m,48,<Kontaktpachydermie><Stimmlippenpolyp>,ZustandnachSt?tzeundAbtragung,funktionelleKomponente,KontaktpachydermieohneKontaktpachydermie
1576,p,2000/1/12,1882,m,57,<Stimmlippenpolyp>,Rechts,mittlererAnteil,breithalsigaufsitzend
1622,p,2000/2/16,1882,m,57,<Stimmlippenpolyp>,ZustandnachAbtragung,mitstrakerverl?ngerterSchlu?phase,linkeStimmlippeexcaviertbeiSt?tze;Zeitaufnahme(1.Aufn.postOP,OPam15.02.00),1.Aufnahme(pr?-OP,12.01.00)
1621,p,2000/2/16,1922,m,40,<Stimmlippenpolyp>,ZustandnachAbtragung,m??igeDysphonie;1.Aufnahmepost-OP(OP=10.02.00)
1639,p,2000/3/22,1938,m,29,<Stimmlippenpolyp>,ZustandnachAbtragung,nochunregelm??igeStimmlippenkonfiguration1.AufnahmepostOP,OPam13.03.00
1764,p,2000/8/2,2028,m,78,<Stimmlippenpolyp>,Re,ZustandnachAbtragung
2099,p,2001/9/5,2288,m,36,<Stimmlippenpolyp>,Re,mitgro?erasymmetrischerAmplitude
2592,p,2004/4/28,2332,m,60,<Stimmlippenpolyp>,ZustandnachSt?tzePolypabtragung,Stimmlippeno.B.
2157,p,2001/11/21,2354,m,58,<Stimmlippenpolyp>,Links,mithyperfunktionellerKomponente
2525,p,2003/11/19,2659,m,70,<Laryngitis><Stimmlippenpolyp>,ChronischeLaryngitis,ZustandnachPolypabtragung
2557,p,2003/12/17,2690,m,43,<Stimmlippenpolyp>,Relativgro?eAuspr?gung,rechts,Stimmberuf
2572,p,2004/3/10,2706,m,38,<HyperfunktionelleDysphonie><Stimmlippenpolyp>,ZustandnachAbtragung,hyperfunktionelleKompensation
715,p,1998/5/20,1407,w,63,<Laryngitis><Leukoplakie>,ChronischeLaryngitis,Leukoplakie,ZustandnachSt?tze(2x),vernarbtesrechtesStimmband
1303,p,1999/4/21,1407,w,64,<Leukoplakie>,Beidseitig,Rezidiv
1557,p,1999/12/8,1407,w,65,<Leukoplakie>,Verlaufskontrolle;3.Aufnahme
1559,p,1999/12/15,1407,w,65,<Leukoplakie>,Psychogen-depressiveKomponente,Verlaufskontrolle
1864,p,2000/11/29,1407,w,66,<Leukoplakie>,Verlaufskontrolle,keinstroboskopischerStillstand
863,p,1998/7/8,1455,w,41,<Leukoplakie>,FrischerZustandnachLeukoplakieabtragungpostoperativ(phonatorischerStillstand);OP07.0798
875,p,1998/7/15,1455,w,41,<Leukoplakie>,ZustandnachLeukoplakieabtragung,nochdeutlicheFibrinbel?ge
1940,p,2001/2/7,2152,w,55,<Laryngitis><Leukoplakie>,ChronischeLaryngitis,keinstroboskopischerStillstand
2079,p,2001/8/8,2272,w,26,<Laryngitis><Leukoplakie>,Ausgpr?gtchron.LaryngitismitLeukoplakie
2096,p,2001/8/29,2287,w,53,<Dysphonie><Leukoplakie>,OrganischeDysphonienachZustandeinerLeukoplakieabtragung
2242,p,2002/1/23,2403,w,35,<Laryngitis><Leukoplakie>,ZustandnachAbtragung,chronischeLaryngitis
2370,p,2002/7/3,2504,w,48,<HyperfunktionelleDysphonie><Laryngitis><Leukoplakie>,ChronischeLaryngitisZustandn.Leukoplakieabtragung,leichteHyperfunktion
119,p,1998/1/28,1311,m,57,<Leukoplakie>,ZustandnachzweimaligerSt?tze(Leukoplakieabtragung),abgerundeteStimmlippen;weitgehendsymmetrischesSchwingungsbild,guteStimme
146,p,1998/2/11,1324,m,56,<Leukoplakie>,ZustandnachLeukoplakieabtragung,kleineNarberechtsmitphonatorischpartiellemStillstand;hyperfunktionelleKompensation,deutlicheDysphonie
497,p,1998/4/22,1368,m,39,<Laryngitis><Leukoplakie>,LeukoplakiebeidseitigbeichronischerLaryngitis
884,p,1998/7/22,1478,m,71,<Laryngitis><Leukoplakie>,Ausgepr?gt,mitbeginnendemlinkemphonatorischemStillstand
902,p,1998/9/2,1495,m,68,<Laryngitis><Leukoplakie>,Chronischhyperplastischmit?demat?serSchleimhautundLeukoplakielinks,keinphonatorischerStillstand
935,p,1998/10/14,1527,m,32,<Laryngitis><Leukoplakie>,Ausgepr?gtchronischmitLeukoplakie,starkasymmetrischverk?rzteAmplituden
1186,p,1998/12/16,1583,m,58,<Leukoplakie>,VerdachtaufTumorlinkesStimmband,hinteresDrittel;Nikotinabusus
1613,p,2000/2/9,1913,m,36,<Laryngitis><Leukoplakie>,ChronischeLaryngitis;Diplophonie,Frequenzperturbationen
1617,p,2000/2/16,1917,m,58,<Laryngitis><Leukoplakie>,ChronischeLaryngitis,ohnestroboskop.Stillstand
1715,p,2000/6/7,1919,m,60,<Leukoplakie>,ZustandnachSt?tze,abgetragenvor3Wochen,leichtestroboskopischeAsymmetrie
1629,p,2000/2/23,1928,m,51,<Laryngitis><Leukoplakie>,Chronische,Nikotinabusus,keinphonatorischerStillstand
1665,p,2000/4/5,1928,m,51,<Laryngitis><Leukoplakie>,Chronischemitbeids.Leukoplakie
1632,p,2000/3/1,1931,m,56,<Leukoplakie>,Kleine,umschriebene,rechteStimmlippemittleresDrittel,ohnestroboskopischeRestbeweglichkeit,Nikotinabusus
2351,p,2002/5/22,1931,m,59,<Laryngitis><Leukoplakie>,OrganischeDysphoniebeichronLaryngitisundZustandn.Leukoplakieabtragung
1913,p,2001/1/17,2000,m,57,<FrontolateraleTeilresektion><Leukoplakie>,ZustanddanachmitLeukoplakiere;OPam22.02.01
1987,p,2001/3/28,2197,m,48,<Laryngitis><Leukoplakie>,ChronischeLaryng.;AsymmetrienachLeukoplakieabtragung
2091,p,2001/8/29,2216,m,70,<Dysphonie><Leukoplakie>,Zustandn.Leukoplakiemitm??igerDysphonie,asymmetrischesSchwingungsbild
2075,p,2001/8/1,2267,m,54,<Laryngitis><Leukoplakie>,Leukoplakieli,ohnephonatorischenStillstand;chron.Laryng.
2101,p,2001/9/5,2290,m,41,<Laryngitis><Leukoplakie>,Chron.Laryngitismitbeids.Leukoplakie,re>li
2484,p,2003/3/5,2535,m,50,<Chordektomie><Leukoplakie>,Zustanddanach,Leukoplakielinks
2443,p,2002/11/13,2577,m,50,<Laryngitis><Leukoplakie>,Chronisch;ZustandnachLeukoplakieabtragung
2549,p,2003/12/10,2683,m,64,<Leukoplakie>,ZustandnachAbtragung
2556,p,2003/12/17,2689,m,63,<Laryngitis><Leukoplakie>,ChronischeForm
721,p,1998/5/27,1413,w,61,<Kontaktpachydermie>,VerdachtaufKontaktpachydermie,leichtasymmetrischesSchwingungsbild,unvollst?ndigerGlottisschlu?
2116,p,2001/9/19,2306,w,56,<HypofunktionelleDysphonie><Kontaktpachydermie>,LeichteFormderhypofunktionellenDysph.
129,p,1998/1/29,1314,m,54,<HypotoneDysphonie><Kontaktpachydermie>,TypischeKontaktpachydermie,starkehypotoneDysphonie
503,p,1998/4/22,1314,m,54,<Kontaktpachydermie>,TypischeKontaktpachydermiebeidseitig
1780,p,2000/8/9,1314,m,56,<Kontaktpachydermie><Laryngitis>,LaryngitisgastricaundHypotonie
352,p,1998/3/4,1341,m,74,<Kontaktpachydermie><Rekurrensparese>,RechtsmitKompensation;Kontaktpachydermie
446,p,1998/3/25,1355,m,57,<Dysphonie><Kontaktpachydermie>,MultifaktorielleponogeneDysphonie(HWS-Reflex?),beginnendeKontaktpachydermie
1450,p,1999/8/25,1363,m,80,<Chordektomie><Kontaktpachydermie>,ZustandnachChordektomie,Synechie
718,p,1998/5/20,1410,m,54,<FunktionelleDysphonie><Kontaktpachydermie>,Ausgepr?gteDysphoniemitausgepr?gterKontaktpachydermie
895,p,1998/8/26,1454,m,30,<Kontaktpachydermie><Stimmlippenpolyp>,ZustandnachAbtragung,gro?esRezidivlinks,hinteresDrittel,stroboskopischeherweitesSchwingungsbild
1190,p,1998/12/16,1454,m,31,<Kontaktpachydermie>,ZustandnachAbtragung,mitkleinemRezidiv,verl?ngerteAmplituden,verl?ngerteSchlu?phase
876,p,1998/7/15,1472,m,73,<Diplophonie><Kontaktpachydermie>,MassiveDiplophoniebeiexcaviertenStimmlippenundKontaktpachydermie
910,p,1998/9/9,1502,m,40,<Kontaktpachydermie><Laryngitis>,OhneKontaktpachydermie,m??igdysplastischerKehlkopf
923,p,1998/9/16,1515,m,61,<Kontaktpachydermie>,Kontaktpachydermie
1290,p,1999/3/24,1515,m,62,<Kontaktpachydermie>,Rezidivrechts
1646,p,2000/3/22,1515,m,63,<Kontaktpachydermie>,Zustanddanach,aberjetztseiteinemJahrrezidivfrei,verl?ngerteSchlu?phase
1195,p,1999/1/6,1591,m,59,<Kontaktpachydermie>,VorstufezurKontaktpachydermieohneKontaktpachydermie,asymmetrischesSchwingungsbildmitetwasgedr?ckterStimme
1305,p,1999/4/21,1690,m,65,<Kontaktpachydermie>,Beidseitig,verl?ngerteSchlu?phase
1434,p,1999/8/18,1781,m,70,<Kontaktpachydermie><Rekurrensparese>,Beiseitig,alte,mitkompensatorischerKontaktpachydermie,m??igeDysphonie,altersbedingteDyspnoe
2384,p,2002/8/14,1805,m,53,<Dysphonie><Kontaktpachydermie>,Multifaktoriell,ponogen
1525,p,1999/11/26,1850,m,48,<Kontaktpachydermie><Stimmlippenpolyp>,ZustandnachSt?tzeundAbtragung,funktionelleKomponente,KontaktpachydermieohneKontaktpachydermie
1551,p,1999/12/8,1859,m,58,<GERD><Kontaktpachydermie>,KontaktpachydermieohneKontaktpachydermie
2326,p,2002/4/17,1937,m,47,<Dysphonie><Kontaktpachydermie>,MultifaktorielleDysphoniemitKontaktpachydermiere
1647,p,2000/3/22,1941,m,65,<Kontaktpachydermie>,Zustandnachfr?hererAbtragung,stroboskopischlediglichverl?ngerteSchlu?phase
1668,p,2000/4/12,1967,m,49,<HypofunktionelleDysphonie><Kontaktpachydermie>,OhneKontaktpachydermiebeiprim?rhypofunktionellerDysphoniemitsekund?rhyperfunktionellerKompensation
1747,p,2000/6/21,2012,m,68,<Kontaktpachydermie>,VerdachtaufKontaktpachydermie,etwasatypisch,hinteresDrittelverl?ngerteSchlu?phase
1819,p,2000/11/8,2084,m,66,<Kontaktpachydermie><Voxsenilis>,OhneReflux
1897,p,2000/12/20,2120,m,31,<Kontaktpachydermie>,KontaktpachydermieohneKontaktpachydermiebeiStimmberuf
1912,p,2001/1/17,2135,m,50,<Kontaktpachydermie>,ZustandnachAbtragungmitRestli,wenigDysphonie
1986,p,2001/3/21,2176,m,58,<Kontaktpachydermie>,KontaktpachydermieohneKontaktpachydermie
1967,p,2001/3/7,2179,m,60,<Kontaktpachydermie>,OhneKontaktpachydermie,excavierteStimmlippe
1999,p,2001/4/4,2208,m,47,<Kontaktpachydermie>,KontaktpachydermieohneKontaktpachydermie
2439,p,2002/11/6,2216,m,71,<Kontaktpachydermie>,KontaktpachydermieohneKontaktpachydermie
2027,p,2001/5/23,2237,m,70,<Kontaktpachydermie>,Z.B.spasmodischeDysphonie
2070,p,2001/8/1,2261,m,48,<HypofunktionelleDysphonie><Kontaktpachydermie>,HypofunktionelleKomponenteprim?r
2092,p,2001/8/29,2282,m,60,<Kontaktpachydermie>,KontaktpachydermieohneKontaktpachydermie
2103,p,2001/9/5,2292,m,34,<Dysodie><Kontaktpachydermie>,KontaktpachydermieohneKontaktpachydermie
2135,p,2001/10/17,2324,m,63,<HyperfunktionelleDysphonie><Kontaktpachydermie>,KontaktpachydermieohneKontaktpachydermie
2146,p,2001/11/14,2343,m,76,<Kontaktpachydermie>,KontaktpachydermieohneKontaktpachydermiemithypotonemSchwingungsbild
2154,p,2001/11/21,2351,m,48,<Dysphonie><Kontaktpachydermie>,FunktionelleDysphoniemitKontaktpachydermieohneKontaktpachydermie
2220,p,2002/1/2,2381,m,67,<Kontaktpachydermie><Monochorditis>,Monochorditislinks
2385,p,2002/8/14,2402,m,63,<Kontaktpachydermie>,
2265,p,2002/1/30,2409,m,68,<FunktionelleDysphonie><Kontaktpachydermie>,
2340,p,2002/5/8,2474,m,54,<FunktionelleDysphonie><Kontaktpachydermie>,KontaktpachydermieohneKontaktpachydermie
2401,p,2002/9/4,2535,m,49,<Dysphonie><Kontaktpachydermie>,Funktionellpsychogen;Kontaktpachydermie
2403,p,2002/9/4,2537,m,70,<Kontaktpachydermie><Monochorditis>,AkutePachydermieli,Monochorditisli
2406,p,2002/9/4,2540,m,64,<Kontaktpachydermie>,Kontaktpachydermie
2419,p,2002/9/25,2553,m,65,<FunktionelleDysphonie><Kontaktpachydermie>,KontaktpachydermieohneKontaktpachydermie
2420,p,2002/9/25,2554,m,36,<HyperfunktionelleDysphonie><Kontaktpachydermie>,MithypofunktionellenKomponenten;KontaktpachydermieohneKontaktpachydermie
2492,p,2003/6/11,2626,m,34,<HyperfunktionelleDysphonie><Kontaktpachydermie>,Kontaktpachydermierechts
2498,p,2003/7/9,2632,m,29,<Kontaktpachydermie>,KontaktpachydermieohneKontaktpachydermie
2506,p,2003/7/16,2640,m,66,<FunktionelleDysphonie><Kontaktpachydermie>,
2519,p,2003/11/12,2653,m,55,<Kontaktpachydermie>,ZustandnachAbtragung
2586,p,2004/3/31,2653,m,55,<Kontaktpachydermie>,Rezidiv
2531,p,2003/11/26,2665,m,46,<Kontaktpachydermie>,KontaktpachydermieohneKontaktpachydermie,VerdachtaufReflux
2547,p,2003/12/3,2681,m,58,<Kontaktpachydermie>,KontaktpachydermieohneKontaktpachydermie
2555,p,2003/12/17,2691,m,52,<Kontaktpachydermie><Laryngitis>,ChronischeForm,ZustandnachSt?tze
143,p,1998/2/4,1322,w,68,<SpasmodischeDysphonie>,Ausgepr?gtespasmodischeDysphonie,keinesicherestroboskopischeBewertungm?glich
665,p,1998/5/13,1392,w,68,<HyperfunktionelleDysphonie><SpasmodischeDysphonie>,VerdachtaufspasmodischeDysphoniebzw.hyperfunktionelleDysphonie
901,p,1998/9/2,1494,w,47,<Reinke?dem><SpasmodischeDysphonie>,VerdachtaufspasmodischeDysphoniemitbeidseitigemReinke-?dem
1482,p,1999/11/3,1828,w,46,<SpasmodischeDysphonie>,VerdachtaufSD,DD:HyperfunktionelleDysphonie,asymmetrischverk?rztesSchwingungsbild
1679,p,2000/5/10,1978,w,82,<SpasmodischeDysphonie>,SpasmodischeDysphonie
1757,p,2000/7/5,2027,w,35,<SpasmodischeDysphonie>,MitstroboskopischkleinerHyperfunktion(BotoxnachDiagnoseamgleichenTag,05.07.00)Aufnahmepr?Botox,Verlaufskontrolle
1763,p,2000/7/10,2027,w,35,<SpasmodischeDysphonie>,ZweiteAufn.am10.07.00,1.AufnahmenachBotoxam05.07.00
1790,p,2000/9/6,2027,w,36,<SpasmodischeDysphonie>,VierteAufnahmenachBotox,Verlaufskontrolle
1797,p,2000/9/20,2027,w,36,<SpasmodischeDysphonie>,F?nfteAufnahmenachBotox
1804,p,2000/9/27,2027,w,36,<SpasmodischeDysphonie>,SiebteAufnahme,Verlaufskontrolle
1807,p,2000/10/18,2027,w,36,<SpasmodischeDysphonie>,
1817,p,2000/10/25,2027,w,36,<SpasmodischeDysphonie>,BisherkeinRezidiv
1821,p,2000/11/8,2027,w,36,<SpasmodischeDysphonie>,Longitudunal;10.Aufnahme
1834,p,2000/11/22,2027,w,36,<SpasmodischeDysphonie>,BeimLesendesSatzesBeginnderIrregularit?ten,11.Aufnahme
1869,p,2000/12/6,2027,w,36,<SpasmodischeDysphonie>,Longitudinal,12.AufnahmeinderVerlaufskontrolle
1909,p,2001/1/10,2027,w,36,<SpasmodischeDysphonie>,BotoxInjektionam10.01.01
1938,p,2001/1/31,2027,w,36,<SpasmodischeDysphonie>,ZweiteAufn.nachBotoxam10.01.01.beiVokal-Produktionzun?chst/h/-Stellungeingenommen
1960,p,2001/2/21,2027,w,36,<SpasmodischeDysphonie>,DritteAufnahmenachBotoxam10.01.01
1972,p,2001/3/14,2027,w,36,<SpasmodischeDysphonie>,VierteAufnahmenachInjektion
1998,p,2001/4/4,2027,w,36,<SpasmodischeDysphonie>,
2030,p,2001/5/23,2027,w,36,<SpasmodischeDysphonie>,
2227,p,2002/1/9,2027,w,37,<SpasmodischeDysphonie>,
2234,p,2002/1/16,2027,w,37,<SpasmodischeDysphonie>,NachBotox
1937,p,2001/1/31,2148,w,59,<SpasmodischeDysphonie>,ZustandnachBotoxam24.01.01;1.Aufn.
1950,p,2001/2/14,2148,w,59,<SpasmodischeDysphonie>,
1992,p,2001/3/28,2148,w,59,<SpasmodischeDysphonie>,
2010,p,2001/5/2,2148,w,59,<SpasmodischeDysphonie>,Ungef?hr4.Aufn.nachBotox
2023,p,2001/5/16,2148,w,59,<SpasmodischeDysphonie>,Spasmodisch
2082,p,2001/8/8,2148,w,60,<SpasmodischeDysphonie>,
2141,p,2001/10/24,2148,w,60,<SpasmodischeDysphonie>,
2158,p,2001/11/21,2148,w,60,<SpasmodischeDysphonie>,
2440,p,2002/11/6,2148,w,61,<SpasmodischeDysphonie>,
2008,p,2001/5/2,2217,w,69,<SpasmodischeDysphonie>,Abduktortyp;ersteAufnahmepr?Botox
2560,p,2003/12/17,2694,w,71,<SpasmodischeDysphonie>,Adduktortyp
1438,p,1999/8/18,1787,m,69,<SpasmodischeDysphonie>,TypischeFormvorBotoxinjektion
1652,p,2000/3/29,1787,m,70,<SpasmodischeDysphonie>,ZweiteAufnahmevorBotox-Injektion;InjektionamgleichenTag
1666,p,2000/4/5,1787,m,70,<SpasmodischeDysphonie>,4.Aufnahme,Botox-Injektionam29.03.00,1.Aufnahmedanach
1672,p,2000/4/12,1787,m,70,<SpasmodischeDysphonie>,NachBotox;2.AufnahmenachInjektion
1677,p,2000/5/3,1787,m,70,<SpasmodischeDysphonie>,NachBotox;3.AufnahmenachInjektion
1689,p,2000/5/17,1787,m,70,<SpasmodischeDysphonie>,ZustandnachBotox,4.AufnahmenachInjektion
1723,p,2000/6/7,1787,m,70,<SpasmodischeDysphonie>,F?nfteAufnahmenachBotox
1914,p,2001/1/17,1787,m,71,<SpasmodischeDysphonie>,VorbekanntevorInjektionmitdeutlichspasmodischenAnteilen
1945,p,2001/2/7,1787,m,71,<SpasmodischeDysphonie>,HeuteBotoxinjektion,letzteAufnahmevorBotox
1961,p,2001/2/21,1787,m,71,<SpasmodischeDysphonie>,ErsteAufnahmenachInjektionam07.02.01
1994,p,2001/3/28,1787,m,71,<SpasmodischeDysphonie>,
2022,p,2001/5/16,1787,m,71,<SpasmodischeDysphonie>,
2159,p,2001/11/21,1787,m,72,<SpasmodischeDysphonie>,
2352,p,2002/5/22,1787,m,72,<SpasmodischeDysphonie>,Pr?-Botox
2361,p,2002/6/12,1787,m,72,<SpasmodischeDysphonie>,pr?-Botox(heute)
1565,p,2000/1/5,1872,m,56,<SpasmodischeDysphonie>,Vorbekannt,seitungef.11/2JahrenkeinBotox
1752,p,2000/6/28,1872,m,56,<SpasmodischeDysphonie>,Botoxbed?rftig;3.Aufnahme,letzteInjektionJan.00,Aufnahmepr?erneuterInj.
2273,p,2002/2/6,2417,m,35,<SpasmodischeDysphonie>,
2490,p,2003/6/4,1634,w,64,<Chordektomie>,Zustanddanach,TendenzHyperfunktion
1774,p,2000/8/9,1995,w,51,<Chordektomie>,re,Zustanddanach,mitausgepr?gterglottischerInsuffizienz;supraglott.Cyste?
2064,p,2001/6/13,1995,w,52,<Chordektomie>,Zustanddanach
491,p,1998/4/1,1363,m,78,<Chordektomie><Stimmlippenpolyp>,ZustandnachChordektomiemitRezidiv-GranulationspolypinvordererKommissur
504,p,1998/4/22,1363,m,78,<Chordektomie><Stimmlippenpolyp>,ZustandnachChordektomie,kleineSynechie,ZustandnachGranulationspolyp
1450,p,1999/8/25,1363,m,80,<Chordektomie><Kontaktpachydermie>,ZustandnachChordektomie,Synechie
1503,p,1999/11/24,1363,m,80,<Chordektomie>,Zustanddanach,Synechie,subglottischeGranulation
628,p,1998/5/6,1384,m,60,<Chordektomie>,ZustandnachChordektomiemitErsatzstimmbandlinks;kleineSynechievordereKommissur
719,p,1998/5/20,1411,m,49,<Chordektomie><Taschenfaltenstimme>,ZustandnachChordektomiemitsupraglottischerKompensation,weicheTaschenfaltenstimme
1084,p,1998/11/25,1411,m,49,<Chordektomie><Taschenfaltenstimme>,ZustandnachChordektomierechts,kompensatorischeTaschenfaltenstimme,ausgepr?gteglottischeInsuffizienz,starkeingeschr?nktesStimmfeld
2268,p,2002/1/30,1427,m,60,<Chordektomie>,ZustanddanachmitErsatzstimmband
845,p,1998/7/1,1444,m,62,<Chordektomie>,ZustandnachChordektomie(1995)mitTaschenfaltenstimme
2029,p,2001/5/23,1444,m,65,<Chordektomie><Taschenfaltenstimme>,ZustandnachChordektomiemitkompensierterTaschenfaltenstimme
847,p,1998/7/1,1446,m,65,<Chordektomie>,ZustandnachChordektomie
1392,p,1999/6/2,1446,m,66,<Chordektomie>,Zustanddanach,ungef?hrsiebenJahreher,linksphonatorischeKompensation
1606,p,2000/2/2,1446,m,67,<Chordektomie>,Zustanddanach,rechts,1992,mitsehrsch?nemErsatzstimmband;4.Aufnahme
2362,p,2002/6/12,1446,m,69,<Chordektomie>,OrganischeDysphoniebeiZustandnachChordektomie
873,p,1998/7/15,1469,m,52,<Chordektomie>,ZustandnachpartiellerChordektomie
903,p,1998/9/2,1497,m,61,<Chordektomie>,ZustanddanachmitexcavierterNarbehintenrechtsundVerdachtaufRezidivvordereKommissur
915,p,1998/9/9,1508,m,61,<Chordektomie>,ZustandnachChordektomie,beginnendeguteKompensation,keineLeukoplakieaufNarbe
1217,p,1999/1/20,1603,m,67,<Chordektomie>,Zustanddanach,links,sch?nesNarbenstimmbandmitphonatorischemStillstand
2189,p,2001/12/12,1603,m,70,<Chordektomie>,ZustanddanachmitpraktischkompletterKompensation
2453,p,2002/12/4,1603,m,71,<Chordektomie>,Zustanddanach,rechts
2548,p,2003/12/10,1603,m,72,<Chordektomie>,Zustanddanach
1321,p,1999/5/5,1620,m,59,<Chordektomie>,ZustandnachCordektomie
1333,p,1999/5/12,1620,m,59,<Chordektomie>,Verlaufskontrolle;5.Aufnahme
1385,p,1999/5/26,1620,m,59,<Chordektomie>,Zustanddanach
1393,p,1999/6/2,1620,m,59,<Chordektomie>,Zustanddanach
1401,p,1999/6/9,1620,m,59,<Chordektomie>,Verlaufskontrolle,10.Aufnahme,SynechieindervorderenKommissur
1412,p,1999/6/16,1620,m,59,<Chordektomie>,Zustanddanach
1422,p,1999/6/23,1620,m,59,<Chordektomie>,Zustanddanach,Verlaufskontrolle;12.Aufnahme
1429,p,1999/6/30,1620,m,59,<Chordektomie><Taschenfaltenstimme>,NachfrontolateralerTeilresektion,13.Aufnahme
1932,p,2001/1/24,1620,m,60,<Chordektomie>,ZustanddanachmitRestdysplasieundsupraglottischerKompensation
1486,p,1999/11/3,1636,m,72,<Chordektomie><Taschenfaltenstimme>,ZustandnachbeidseitigerChordektomie
1487,p,1999/11/3,1768,m,59,<Chordektomie><FrontolateraleTeilresektion>,ZustanddanachmitplastischerErsatzstimmlippe
2503,p,2003/7/16,1768,m,63,<Chordektomie>,Zustanddanach,rechts;Ersatzstimmband
2136,p,2001/10/24,1868,m,51,<Chordektomie>,ZustandnachlinksseitigerChordektomiemitsupraglottalerKompensation
1625,p,2000/2/23,1924,m,63,<Chordektomie><Taschenfaltenstimme>,Zustanddanach,beidseitigeSynechie,kompensierteTaschenfaltenstimme
1651,p,2000/3/29,1951,m,57,<Chordektomie>,ZustandnachChordektomiemithyperfunktionellerKompensation
1674,p,2000/5/3,1974,m,61,<Chordektomie>,ZustandnachlaserchirurgischerRezidivabtragung,Chordektomie1995
1693,p,2000/5/24,1992,m,71,<Chordektomie>,Partiellemitm??igerDysphonie,R1H1B0
1720,p,2000/6/7,1998,m,48,<Chordektomie><FrontolateraleTeilresektion>,ZustandnachLaserchirurgiemitkompensierenderTaschenfaltenstimme
2494,p,2003/6/11,2360,m,46,<Chordektomie>,ZustandnachChordektomielinks,Synechie
2226,p,2002/1/9,2387,m,71,<Chordektomie><Dysphonie>,NachCordektomie
2291,p,2002/2/20,2387,m,72,<Chordektomie>,ZustanddanachmitbeginnendemErsatzstimmband
2380,p,2002/8/7,2514,m,55,<Chordektomie><Taschenfaltenstimme>,ZustandnachChordektomie,beginnendeTaschenfaltenstimme
2400,p,2002/9/4,2534,m,65,<Chordektomie><Taschenfaltenstimme>,Zustanddanach
2484,p,2003/3/5,2535,m,50,<Chordektomie><Leukoplakie>,Zustanddanach,Leukoplakielinks
2575,p,2004/3/10,2601,m,72,<Chordektomie><Dysphonie>,OrganischeDysphonienachChordektomie,m??igeHyperfunktion
815,p,1998/6/10,1427,m,57,<FrontolateraleTeilresektion>,ZustandnachfrontolateralerTeilresektion,hohemittlereSprechstimmlage
1165,p,1998/12/9,1427,m,57,<FrontolateraleTeilresektion>,Zustanddanach,mitsehrschmalemErsatzstimmbandundhyperfunktionellerKomponente
1446,p,1999/8/25,1427,m,58,<FrontolateraleTeilresektion>,Zustanddanach,erh?htemittlereSprechstimmlage,OPMai1999
1635,p,2000/3/1,1427,m,58,<FrontolateraleTeilresektion>,Zustanddanach,mitErsatzstimmband,Verlaufskontrolle,hohemittlereSprechlage
891,p,1998/8/26,1485,m,67,<FrontolateraleTeilresektion>,ZustandnachHemilaryngektomiemitm??igerDysphonie,leichtesupraglottaleKompensation
936,p,1998/10/14,1485,m,67,<FrontolateraleTeilresektion>,ZustandnachHemilaryngektomie,unvollst?ndigeKompensation
1191,p,1998/12/16,1485,m,67,<FrontolateraleTeilresektion>,Zustanddanach
1409,p,1999/6/16,1485,m,67,<FrontolateraleTeilresektion>,Zustanddanach;1.Aufnahmepr?OP
1243,p,1999/2/17,1497,m,62,<FrontolateraleTeilresektion>,Zustanddanach,rechtsmitausgepr?gterVernarbungAm14.08.99eineT1-CaOP;MDVPsignalnotvoiced
1162,p,1998/12/9,1579,m,65,<FrontolateraleTeilresektion><Synechie>,ZustandnachfrontolateralerTeilresektionundSynechieabtrennungmitausgepr?gtenFibrinbel?gen
1234,p,1999/2/3,1620,m,58,<FrontolateraleTeilresektion>,VorOPbeiVerdachtaufTumorindervorderenKommissur,subglottischimvorderenAnteil,phonatorischerStillstand
1279,p,1999/3/17,1620,m,58,<FrontolateraleTeilresektion>,Zustanddanach,mitbreiterSynechie,glottischeInsuffizienzPr?-OPam03.02.99;Zweitaufnahme,ersteAufnahmenachOP,
1313,p,1999/4/28,1620,m,59,<FrontolateraleTeilresektion>,Zustanddanach,rechts
1558,p,1999/12/8,1620,m,59,<FrontolateraleTeilresektion>,Zustanddanach,Ausr?umungderzervikalenHalslymphknoten;glatteHeilung;keinAnhaltaufRezidiv
1808,p,2000/10/18,1620,m,60,<FrontolateraleTeilresektion>,Zustanddanach;PatientstandzurlongitudinalenBetrachtungzurVerf?gung
1490,p,1999/11/10,1633,m,43,<FrontolateraleTeilresektion>,Zustanddanach;3.Aufnahme,2.Aufnahme24.08.99,1.Aufnahmepr?OPam24.02.99(OPam01.03.99)
1487,p,1999/11/3,1768,m,59,<Chordektomie><FrontolateraleTeilresektion>,ZustanddanachmitplastischerErsatzstimmlippe
1561,p,1999/12/15,1868,m,49,<FrontolateraleTeilresektion>,Zustanddanach,ca.eineWochepostoperativ,starkeerh?htemittlereSprechstimmlage
1634,p,2000/3/1,1868,m,49,<FrontolateraleTeilresektion>,Zustanddanach,GranulationsabtragungimInterarybereich
1756,p,2000/7/5,1868,m,50,<FrontolateraleTeilresektion>,Zustanddanach,gepre?teStimmgebung,R2H2B0
1949,p,2001/2/14,1868,m,50,<FrontolateraleTeilresektion>,ZustanddanachmithyperfunktionellerKompensation;beiTextproduktionsupraglottaleAngregung
2383,p,2002/8/14,1868,m,52,<FrontolateraleTeilresektion>,Zustanddanach
1692,p,2000/5/24,1991,m,65,<FrontolateraleTeilresektion>,Zustanddanach,mitsupraglottischerKompensation,kleineGranulomeandenStimmlippenundsupraglottal
1749,p,2000/6/21,2000,m,57,<FrontolateraleTeilresektion><Stimmlippenpolyp>,Zustanddanach,jetztgro?erGranulationspolypli;2.Aufnahmepr?OP,OPam23.06.00
1913,p,2001/1/17,2000,m,57,<FrontolateraleTeilresektion><Leukoplakie>,ZustanddanachmitLeukoplakiere;OPam22.02.01
2131,p,2001/10/17,2000,m,58,<FrontolateraleTeilresektion>,ZustanddanachundnachmehrerenGranulationsabtragungen
2437,p,2002/11/6,2360,m,46,<FrontolateraleTeilresektion>,Zustanddanach,Synechie
2386,p,2002/8/14,2520,m,67,<FrontolateraleTeilresektion>,Zustanddanach
2456,p,2002/12/4,2534,m,66,<Dysphonie><FrontolateraleTeilresektion>,Organisch;ZustandnachResektion
